Archive member included to satisfy reference by file (symbol)

c:/st/stm32cubeide_1.10.1/stm32cubeide/plugins/com.st.stm32cube.ide.mcu.externaltools.gnu-tools-for-stm32.10.3-2021.10.win32_1.0.0.202111181127/tools/bin/../lib/gcc/arm-none-eabi/10.3.1/../../../../arm-none-eabi/lib/thumb/v7e-m+fp/hard\libstdc++_nano.a(del_ops.o)
                              ./Core/Src/MPU_6050_Driver.o (operator delete(void*, unsigned int))
c:/st/stm32cubeide_1.10.1/stm32cubeide/plugins/com.st.stm32cube.ide.mcu.externaltools.gnu-tools-for-stm32.10.3-2021.10.win32_1.0.0.202111181127/tools/bin/../lib/gcc/arm-none-eabi/10.3.1/../../../../arm-none-eabi/lib/thumb/v7e-m+fp/hard\libstdc++_nano.a(new_op.o)
                              ./Core/Src/MPU_6050_Driver.o (operator new(unsigned int))
c:/st/stm32cubeide_1.10.1/stm32cubeide/plugins/com.st.stm32cube.ide.mcu.externaltools.gnu-tools-for-stm32.10.3-2021.10.win32_1.0.0.202111181127/tools/bin/../lib/gcc/arm-none-eabi/10.3.1/../../../../arm-none-eabi/lib/thumb/v7e-m+fp/hard\libstdc++_nano.a(del_op.o)
                              c:/st/stm32cubeide_1.10.1/stm32cubeide/plugins/com.st.stm32cube.ide.mcu.externaltools.gnu-tools-for-stm32.10.3-2021.10.win32_1.0.0.202111181127/tools/bin/../lib/gcc/arm-none-eabi/10.3.1/../../../../arm-none-eabi/lib/thumb/v7e-m+fp/hard\libstdc++_nano.a(del_ops.o) (operator delete(void*))
c:/st/stm32cubeide_1.10.1/stm32cubeide/plugins/com.st.stm32cube.ide.mcu.externaltools.gnu-tools-for-stm32.10.3-2021.10.win32_1.0.0.202111181127/tools/bin/../lib/gcc/arm-none-eabi/10.3.1/../../../../arm-none-eabi/lib/thumb/v7e-m+fp/hard\libstdc++_nano.a(new_handler.o)
                              c:/st/stm32cubeide_1.10.1/stm32cubeide/plugins/com.st.stm32cube.ide.mcu.externaltools.gnu-tools-for-stm32.10.3-2021.10.win32_1.0.0.202111181127/tools/bin/../lib/gcc/arm-none-eabi/10.3.1/../../../../arm-none-eabi/lib/thumb/v7e-m+fp/hard\libstdc++_nano.a(new_op.o) (std::get_new_handler())
c:/st/stm32cubeide_1.10.1/stm32cubeide/plugins/com.st.stm32cube.ide.mcu.externaltools.gnu-tools-for-stm32.10.3-2021.10.win32_1.0.0.202111181127/tools/bin/../lib/gcc/arm-none-eabi/10.3.1/../../../../arm-none-eabi/lib/thumb/v7e-m+fp/hard\libm.a(lib_a-w_pow.o)
                              ./Core/Src/MPU_6050_Driver.o (pow)
c:/st/stm32cubeide_1.10.1/stm32cubeide/plugins/com.st.stm32cube.ide.mcu.externaltools.gnu-tools-for-stm32.10.3-2021.10.win32_1.0.0.202111181127/tools/bin/../lib/gcc/arm-none-eabi/10.3.1/../../../../arm-none-eabi/lib/thumb/v7e-m+fp/hard\libm.a(lib_a-e_pow.o)
                              c:/st/stm32cubeide_1.10.1/stm32cubeide/plugins/com.st.stm32cube.ide.mcu.externaltools.gnu-tools-for-stm32.10.3-2021.10.win32_1.0.0.202111181127/tools/bin/../lib/gcc/arm-none-eabi/10.3.1/../../../../arm-none-eabi/lib/thumb/v7e-m+fp/hard\libm.a(lib_a-w_pow.o) (__ieee754_pow)
c:/st/stm32cubeide_1.10.1/stm32cubeide/plugins/com.st.stm32cube.ide.mcu.externaltools.gnu-tools-for-stm32.10.3-2021.10.win32_1.0.0.202111181127/tools/bin/../lib/gcc/arm-none-eabi/10.3.1/../../../../arm-none-eabi/lib/thumb/v7e-m+fp/hard\libm.a(lib_a-e_sqrt.o)
                              c:/st/stm32cubeide_1.10.1/stm32cubeide/plugins/com.st.stm32cube.ide.mcu.externaltools.gnu-tools-for-stm32.10.3-2021.10.win32_1.0.0.202111181127/tools/bin/../lib/gcc/arm-none-eabi/10.3.1/../../../../arm-none-eabi/lib/thumb/v7e-m+fp/hard\libm.a(lib_a-e_pow.o) (__ieee754_sqrt)
c:/st/stm32cubeide_1.10.1/stm32cubeide/plugins/com.st.stm32cube.ide.mcu.externaltools.gnu-tools-for-stm32.10.3-2021.10.win32_1.0.0.202111181127/tools/bin/../lib/gcc/arm-none-eabi/10.3.1/../../../../arm-none-eabi/lib/thumb/v7e-m+fp/hard\libm.a(lib_a-math_err.o)
                              c:/st/stm32cubeide_1.10.1/stm32cubeide/plugins/com.st.stm32cube.ide.mcu.externaltools.gnu-tools-for-stm32.10.3-2021.10.win32_1.0.0.202111181127/tools/bin/../lib/gcc/arm-none-eabi/10.3.1/../../../../arm-none-eabi/lib/thumb/v7e-m+fp/hard\libm.a(lib_a-e_pow.o) (__math_uflow)
c:/st/stm32cubeide_1.10.1/stm32cubeide/plugins/com.st.stm32cube.ide.mcu.externaltools.gnu-tools-for-stm32.10.3-2021.10.win32_1.0.0.202111181127/tools/bin/../lib/gcc/arm-none-eabi/10.3.1/../../../../arm-none-eabi/lib/thumb/v7e-m+fp/hard\libm.a(lib_a-s_fabs.o)
                              c:/st/stm32cubeide_1.10.1/stm32cubeide/plugins/com.st.stm32cube.ide.mcu.externaltools.gnu-tools-for-stm32.10.3-2021.10.win32_1.0.0.202111181127/tools/bin/../lib/gcc/arm-none-eabi/10.3.1/../../../../arm-none-eabi/lib/thumb/v7e-m+fp/hard\libm.a(lib_a-e_pow.o) (fabs)
c:/st/stm32cubeide_1.10.1/stm32cubeide/plugins/com.st.stm32cube.ide.mcu.externaltools.gnu-tools-for-stm32.10.3-2021.10.win32_1.0.0.202111181127/tools/bin/../lib/gcc/arm-none-eabi/10.3.1/../../../../arm-none-eabi/lib/thumb/v7e-m+fp/hard\libm.a(lib_a-s_finite.o)
[...]
Memory Configuration

Name             Origin             Length             Attributes
RAM              0x0000000020000000 0x0000000000020000 xrw
FLASH            0x0000000008000000 0x0000000000080000 xr
*default*        0x0000000000000000 0xffffffffffffffff

Linker script and memory map

LOAD c:/st/stm32cubeide_1.10.1/stm32cubeide/plugins/com.st.stm32cube.ide.mcu.externaltools.gnu-tools-for-stm32.10.3-2021.10.win32_1.0.0.202111181127/tools/bin/../lib/gcc/arm-none-eabi/10.3.1/thumb/v7e-m+fp/hard/crti.o
LOAD c:/st/stm32cubeide_1.10.1/stm32cubeide/plugins/com.st.stm32cube.ide.mcu.externaltools.gnu-tools-for-stm32.10.3-2021.10.win32_1.0.0.202111181127/tools/bin/../lib/gcc/arm-none-eabi/10.3.1/thumb/v7e-m+fp/hard/crtbegin.o
LOAD c:/st/stm32cubeide_1.10.1/stm32cubeide/plugins/com.st.stm32cube.ide.mcu.externaltools.gnu-tools-for-stm32.10.3-2021.10.win32_1.0.0.202111181127/tools/bin/../lib/gcc/arm-none-eabi/10.3.1/../../../../arm-none-eabi/lib/thumb/v7e-m+fp/hard/crt0.o
LOAD ./Core/Src/Controller.o
LOAD ./Core/Src/MPU_6050_Driver.o
LOAD ./Core/Src/MotorControl.o
LOAD ./Core/Src/freertos.o
LOAD ./Core/Src/gpio.o
LOAD ./Core/Src/i2c.o
LOAD ./Core/Src/main.o
LOAD ./Core/Src/stm32f4xx_hal_msp.o
LOAD ./Core/Src/stm32f4xx_it.o
LOAD ./Core/Src/syscalls.o
LOAD ./Core/Src/sysmem.o
LOAD ./Core/Src/system_stm32f4xx.o
LOAD ./Core/Src/tim.o
LOAD ./Core/Src/usart.o
LOAD ./Core/Startup/startup_stm32f411ceux.o
LOAD ./Drivers/STM32F4xx_HAL_Driver/Src/stm32f4xx_hal.o
LOAD ./Drivers/STM32F4xx_HAL_Driver/Src/stm32f4xx_hal_cortex.o
LOAD ./Drivers/STM32F4xx_HAL_Driver/Src/stm32f4xx_hal_dma.o
LOAD ./Drivers/STM32F4xx_HAL_Driver/Src/stm32f4xx_hal_dma_ex.o
LOAD ./Drivers/STM32F4xx_HAL_Driver/Src/stm32f4xx_hal_exti.o
LOAD ./Drivers/STM32F4xx_HAL_Driver/Src/stm32f4xx_hal_flash.o
LOAD ./Drivers/STM32F4xx_HAL_Driver/Src/stm32f4xx_hal_flash_ex.o
LOAD ./Drivers/STM32F4xx_HAL_Driver/Src/stm32f4xx_hal_flash_ramfunc.o
LOAD ./Drivers/STM32F4xx_HAL_Driver/Src/stm32f4xx_hal_gpio.o
LOAD ./Drivers/STM32F4xx_HAL_Driver/Src/stm32f4xx_hal_i2c.o
LOAD ./Drivers/STM32F4xx_HAL_Driver/Src/stm32f4xx_hal_i2c_ex.o
LOAD ./Drivers/STM32F4xx_HAL_Driver/Src/stm32f4xx_hal_pwr.o
LOAD ./Drivers/STM32F4xx_HAL_Driver/Src/stm32f4xx_hal_pwr_ex.o
LOAD ./Drivers/STM32F4xx_HAL_Driver/Src/stm32f4xx_hal_rcc.o
LOAD ./Drivers/STM32F4xx_HAL_Driver/Src/stm32f4xx_hal_rcc_ex.o
LOAD ./Drivers/STM32F4xx_HAL_Driver/Src/stm32f4xx_hal_tim.o
LOAD ./Drivers/STM32F4xx_HAL_Driver/Src/stm32f4xx_hal_tim_ex.o
LOAD ./Drivers/STM32F4xx_HAL_Driver/Src/stm32f4xx_hal_uart.o
LOAD ./Middlewares/Third_Party/FreeRTOS/Source/CMSIS_RTOS_V2/cmsis_os2.o
LOAD ./Middlewares/Third_Party/FreeRTOS/Source/croutine.o
LOAD ./Middlewares/Third_Party/FreeRTOS/Source/event_groups.o
LOAD ./Middlewares/Third_Party/FreeRTOS/Source/list.o
LOAD ./Middlewares/Third_Party/FreeRTOS/Source/queue.o
LOAD ./Middlewares/Third_Party/FreeRTOS/Source/stream_buffer.o
LOAD ./Middlewares/Third_Party/FreeRTOS/Source/tasks.o
LOAD ./Middlewares/Third_Party/FreeRTOS/Source/timers.o
LOAD ./Middlewares/Third_Party/FreeRTOS/Source/portable/GCC/ARM_CM4F/port.o
LOAD ./Middlewares/Third_Party/FreeRTOS/Source/portable/MemMang/heap_4.o
START GROUP
LOAD c:/st/stm32cubeide_1.10.1/stm32cubeide/plugins/com.st.stm32cube.ide.mcu.externaltools.gnu-tools-for-stm32.10.3-2021.10.win32_1.0.0.202111181127/tools/bin/../lib/gcc/arm-none-eabi/10.3.1/../../../../arm-none-eabi/lib/thumb/v7e-m+fp/hard\libstdc++_nano.a
LOAD c:/st/stm32cubeide_1.10.1/stm32cubeide/plugins/com.st.stm32cube.ide.mcu.externaltools.gnu-tools-for-stm32.10.3-2021.10.win32_1.0.0.202111181127/tools/bin/../lib/gcc/arm-none-eabi/10.3.1/../../../../arm-none-eabi/lib/thumb/v7e-m+fp/hard\libsupc++_nano.a
END GROUP
LOAD c:/st/stm32cubeide_1.10.1/stm32cubeide/plugins/com.st.stm32cube.ide.mcu.externaltools.gnu-tools-for-stm32.10.3-2021.10.win32_1.0.0.202111181127/tools/bin/../lib/gcc/arm-none-eabi/10.3.1/../../../../arm-none-eabi/lib/thumb/v7e-m+fp/hard\libstdc++_nano.a
LOAD c:/st/stm32cubeide_1.10.1/stm32cubeide/plugins/com.st.stm32cube.ide.mcu.externaltools.gnu-tools-for-stm32.10.3-2021.10.win32_1.0.0.202111181127/tools/bin/../lib/gcc/arm-none-eabi/10.3.1/../../../../arm-none-eabi/lib/thumb/v7e-m+fp/hard\libm.a
LOAD c:/st/stm32cubeide_1.10.1/stm32cubeide/plugins/com.st.stm32cube.ide.mcu.externaltools.gnu-tools-for-stm32.10.3-2021.10.win32_1.0.0.202111181127/tools/bin/../lib/gcc/arm-none-eabi/10.3.1/../../../../arm-none-eabi/lib/thumb/v7e-m+fp/hard\libc_nano.a
START GROUP
LOAD c:/st/stm32cubeide_1.10.1/stm32cubeide/plugins/com.st.stm32cube.ide.mcu.externaltools.gnu-tools-for-stm32.10.3-2021.10.win32_1.0.0.202111181127/tools/bin/../lib/gcc/arm-none-eabi/10.3.1/thumb/v7e-m+fp/hard\libgcc.a
LOAD c:/st/stm32cubeide_1.10.1/stm32cubeide/plugins/com.st.stm32cube.ide.mcu.externaltools.gnu-tools-for-stm32.10.3-2021.10.win32_1.0.0.202111181127/tools/bin/../lib/gcc/arm-none-eabi/10.3.1/../../../../arm-none-eabi/lib/thumb/v7e-m+fp/hard\libc_nano.a
END GROUP
START GROUP
LOAD c:/st/stm32cubeide_1.10.1/stm32cubeide/plugins/com.st.stm32cube.ide.mcu.externaltools.gnu-tools-for-stm32.10.3-2021.10.win32_1.0.0.202111181127/tools/bin/../lib/gcc/arm-none-eabi/10.3.1/thumb/v7e-m+fp/hard\libgcc.a
LOAD c:/st/stm32cubeide_1.10.1/stm32cubeide/plugins/com.st.stm32cube.ide.mcu.externaltools.gnu-tools-for-stm32.10.3-2021.10.win32_1.0.0.202111181127/tools/bin/../lib/gcc/arm-none-eabi/10.3.1/../../../../arm-none-eabi/lib/thumb/v7e-m+fp/hard\libc_nano.a
LOAD c:/st/stm32cubeide_1.10.1/stm32cubeide/plugins/com.st.stm32cube.ide.mcu.externaltools.gnu-tools-for-stm32.10.3-2021.10.win32_1.0.0.202111181127/tools/bin/../lib/gcc/arm-none-eabi/10.3.1/../../../../arm-none-eabi/lib/thumb/v7e-m+fp/hard\libnosys.a
END GROUP
START GROUP
LOAD c:/st/stm32cubeide_1.10.1/stm32cubeide/plugins/com.st.stm32cube.ide.mcu.externaltools.gnu-tools-for-stm32.10.3-2021.10.win32_1.0.0.202111181127/tools/bin/../lib/gcc/arm-none-eabi/10.3.1/thumb/v7e-m+fp/hard\libgcc.a
LOAD c:/st/stm32cubeide_1.10.1/stm32cubeide/plugins/com.st.stm32cube.ide.mcu.externaltools.gnu-tools-for-stm32.10.3-2021.10.win32_1.0.0.202111181127/tools/bin/../lib/gcc/arm-none-eabi/10.3.1/../../../../arm-none-eabi/lib/thumb/v7e-m+fp/hard\libc_nano.a
LOAD c:/st/stm32cubeide_1.10.1/stm32cubeide/plugins/com.st.stm32cube.ide.mcu.externaltools.gnu-tools-for-stm32.10.3-2021.10.win32_1.0.0.202111181127/tools/bin/../lib/gcc/arm-none-eabi/10.3.1/../../../../arm-none-eabi/lib/thumb/v7e-m+fp/hard\libnosys.a
END GROUP
LOAD c:/st/stm32cubeide_1.10.1/stm32cubeide/plugins/com.st.stm32cube.ide.mcu.externaltools.gnu-tools-for-stm32.10.3-2021.10.win32_1.0.0.202111181127/tools/bin/../lib/gcc/arm-none-eabi/10.3.1/thumb/v7e-m+fp/hard/crtend.o
LOAD c:/st/stm32cubeide_1.10.1/stm32cubeide/plugins/com.st.stm32cube.ide.mcu.externaltools.gnu-tools-for-stm32.10.3-2021.10.win32_1.0.0.202111181127/tools/bin/../lib/gcc/arm-none-eabi/10.3.1/thumb/v7e-m+fp/hard/crtn.o
                0x0000000020020000                _estack = (ORIGIN (RAM) + LENGTH (RAM))
                0x0000000000000200                _Min_Heap_Size = 0x200
                0x0000000000000400                _Min_Stack_Size = 0x400

.isr_vector     0x0000000008000000      0x198
                0x0000000008000000                . = ALIGN (0x4)
 *(.isr_vector)
 .isr_vector    0x0000000008000000      0x198 ./Core/Startup/startup_stm32f411ceux.o
                0x0000000008000000                g_pfnVectors
                0x0000000008000198                . = ALIGN (0x4)

.text           0x00000000080001a0     0xaec4
                0x00000000080001a0                . = ALIGN (0x4)
 *(.text)
 .text          0x00000000080001a0       0x40 c:/st/stm32cubeide_1.10.1/stm32cubeide/plugins/com.st.stm32cube.ide.mcu.externaltools.gnu-tools-for-stm32.10.3-2021.10.win32_1.0.0.202111181127/tools/bin/../lib/gcc/arm-none-eabi/10.3.1/thumb/v7e-m+fp/hard/crtbegin.o
 .text          0x00000000080001e0      0x378 c:/st/stm32cubeide_1.10.1/stm32cubeide/plugins/com.st.stm32cube.ide.mcu.externaltools.gnu-tools-for-stm32.10.3-2021.10.win32_1.0.0.202111181127/tools/bin/../lib/gcc/arm-none-eabi/10.3.1/thumb/v7e-m+fp/hard\libgcc.a(_arm_addsubdf3.o)
                0x00000000080001e0                __aeabi_drsub
                0x00000000080001e8                __aeabi_dsub
                0x00000000080001e8                __subdf3
                0x00000000080001ec                __aeabi_dadd
                0x00000000080001ec                __adddf3
                0x0000000008000464                __floatunsidf
                0x0000000008000464                __aeabi_ui2d
                0x0000000008000484                __floatsidf
                0x0000000008000484                __aeabi_i2d
                0x00000000080004a8                __aeabi_f2d
                0x00000000080004a8                __extendsfdf2
                0x00000000080004ec                __floatundidf
                0x00000000080004ec                __aeabi_ul2d
                0x00000000080004fc                __floatdidf
                0x00000000080004fc                __aeabi_l2d
 .text          0x0000000008000558      0x424 c:/st/stm32cubeide_1.10.1/stm32cubeide/plugins/com.st.stm32cube.ide.mcu.externaltools.gnu-tools-for-stm32.10.3-2021.10.win32_1.0.0.202111181127/tools/bin/../lib/gcc/arm-none-eabi/10.3.1/thumb/v7e-m+fp/hard\libgcc.a(_arm_muldivdf3.o)
                0x0000000008000558                __aeabi_dmul
                0x0000000008000558                __muldf3
                0x00000000080007ac                __divdf3
                0x00000000080007ac                __aeabi_ddiv
 .text          0x000000000800097c       0x50 c:/st/stm32cubeide_1.10.1/stm32cubeide/plugins/com.st.stm32cube.ide.mcu.externaltools.gnu-tools-for-stm32.10.3-2021.10.win32_1.0.0.202111181127/tools/bin/../lib/gcc/arm-none-eabi/10.3.1/thumb/v7e-m+fp/hard\libgcc.a(_arm_fixdfsi.o)
                0x000000000800097c                __aeabi_d2iz
                0x000000000800097c                __fixdfsi
 .text          0x00000000080009cc       0xa0 c:/st/stm32cubeide_1.10.1/stm32cubeide/plugins/com.st.stm32cube.ide.mcu.externaltools.gnu-tools-for-stm32.10.3-2021.10.win32_1.0.0.202111181127/tools/bin/../lib/gcc/arm-none-eabi/10.3.1/thumb/v7e-m+fp/hard\libgcc.a(_arm_truncdfsf2.o)
                0x00000000080009cc                __truncdfsf2
                0x00000000080009cc                __aeabi_d2f
 .text          0x0000000008000a6c       0x30 c:/st/stm32cubeide_1.10.1/stm32cubeide/plugins/com.st.stm32cube.ide.mcu.externaltools.gnu-tools-for-stm32.10.3-2021.10.win32_1.0.0.202111181127/tools/bin/../lib/gcc/arm-none-eabi/10.3.1/thumb/v7e-m+fp/hard\libgcc.a(_aeabi_uldivmod.o)
                0x0000000008000a6c                __aeabi_uldivmod
 .text          0x0000000008000a9c      0x2d0 c:/st/stm32cubeide_1.10.1/stm32cubeide/plugins/com.st.stm32cube.ide.mcu.externaltools.gnu-tools-for-stm32.10.3-2021.10.win32_1.0.0.202111181127/tools/bin/../lib/gcc/arm-none-eabi/10.3.1/thumb/v7e-m+fp/hard\libgcc.a(_udivmoddi4.o)
                0x0000000008000a9c                __udivmoddi4
 .text          0x0000000008000d6c        0x4 c:/st/stm32cubeide_1.10.1/stm32cubeide/plugins/com.st.stm32cube.ide.mcu.externaltools.gnu-tools-for-stm32.10.3-2021.10.win32_1.0.0.202111181127/tools/bin/../lib/gcc/arm-none-eabi/10.3.1/thumb/v7e-m+fp/hard\libgcc.a(_dvmd_tls.o)
                0x0000000008000d6c                __aeabi_idiv0
                0x0000000008000d6c                __aeabi_ldiv0
 *(.text*)
 .text._ZN10Controller7CommandC2Ev
                0x0000000008000d70       0x44 ./Core/Src/Controller.o
                0x0000000008000d70                Controller::Command::Command()
                0x0000000008000d70                Controller::Command::Command()
 .text._ZN10ControllerC2EP20__UART_HandleTypeDefP6ChasisP8MPU_6050S5_
                0x0000000008000db4       0x72 ./Core/Src/Controller.o
                0x0000000008000db4                Controller::Controller(__UART_HandleTypeDef*, Chasis*, MPU_6050*, MPU_6050*)
                0x0000000008000db4                Controller::Controller(__UART_HandleTypeDef*, Chasis*, MPU_6050*, MPU_6050*)
 .text._ZN10Controller12startUpStateEv
                0x0000000008000e26       0x3e ./Core/Src/Controller.o
                0x0000000008000e26                Controller::startUpState()
 .text._ZN10Controller16calibrationStateEv
                0x0000000008000e64       0x5a ./Core/Src/Controller.o
                0x0000000008000e64                Controller::calibrationState()
 .text._ZN10Controller14operatingStateEv
                0x0000000008000ebe       0x2e ./Core/Src/Controller.o
                0x0000000008000ebe                Controller::operatingState()
 .text._ZN10Controller9idleStateEv
                0x0000000008000eec       0x50 ./Core/Src/Controller.o
                0x0000000008000eec                Controller::idleState()
 .text._ZN10Controller9failStateEv
                0x0000000008000f3c       0x3c ./Core/Src/Controller.o
                0x0000000008000f3c                Controller::failState()
 .text._ZN10Controller13shutdownStateEv
                0x0000000008000f78       0x26 ./Core/Src/Controller.o
                0x0000000008000f78                Controller::shutdownState()
 *fill*         0x0000000008000f9e        0x2 
 .text._ZN10Controller4loopEv
                0x0000000008000fa0       0xbc ./Core/Src/Controller.o
                0x0000000008000fa0                Controller::loop()
 .text._ZN10Controller15receiveCommandsEv
                0x000000000800105c       0x2c ./Core/Src/Controller.o
                0x000000000800105c                Controller::receiveCommands()
 .text._ZN10Controller13parseReceivedEv
                0x0000000008001088       0xf0 ./Core/Src/Controller.o
                0x0000000008001088                Controller::parseReceived()
 .text._ZN10Controller12prepTransmitEv
                0x0000000008001178      0x290 ./Core/Src/Controller.o
                0x0000000008001178                Controller::prepTransmit()
 .text._ZN10Controller16trasnmitCommandsEv
                0x0000000008001408       0x2c ./Core/Src/Controller.o
                0x0000000008001408                Controller::trasnmitCommands()
 .text._ZN8MPU_6050C2EbP17I2C_HandleTypeDefP12GPIO_TypeDeft
                0x0000000008001434       0x60 ./Core/Src/MPU_6050_Driver.o
                0x0000000008001434                MPU_6050::MPU_6050(bool, I2C_HandleTypeDef*, GPIO_TypeDef*, unsigned short)
                0x0000000008001434                MPU_6050::MPU_6050(bool, I2C_HandleTypeDef*, GPIO_TypeDef*, unsigned short)
 .text._ZN8MPU_6050D2Ev
                0x0000000008001494       0x22 ./Core/Src/MPU_6050_Driver.o
                0x0000000008001494                MPU_6050::~MPU_6050()
                0x0000000008001494                MPU_6050::~MPU_6050()
 *fill*         0x00000000080014b6        0x2 
 .text._ZN8MPU_605012calibrateMPUEv
                0x00000000080014b8      0x164 ./Core/Src/MPU_6050_Driver.o
                0x00000000080014b8                MPU_6050::calibrateMPU()
 *fill*         0x000000000800161c        0x4 
 .text._ZN8MPU_605011correctDataEv
                0x0000000008001620      0x150 ./Core/Src/MPU_6050_Driver.o
                0x0000000008001620                MPU_6050::correctData()
 .text._ZN8MPU_60509startPinsEv
                0x0000000008001770       0x3a ./Core/Src/MPU_6050_Driver.o
                0x0000000008001770                MPU_6050::startPins()
 .text._ZN8MPU_605010initializeEv
                0x00000000080017aa       0x46 ./Core/Src/MPU_6050_Driver.o
                0x00000000080017aa                MPU_6050::initialize()
 .text._ZN8MPU_605016setFullScaleGyroE14Gyro_FullScale
                0x00000000080017f0       0x8c ./Core/Src/MPU_6050_Driver.o
                0x00000000080017f0                MPU_6050::setFullScaleGyro(Gyro_FullScale)
 .text._ZN8MPU_605017setFullScaleAccelE15Accel_FullScale
                0x000000000800187c       0x84 ./Core/Src/MPU_6050_Driver.o
                0x000000000800187c                MPU_6050::setFullScaleAccel(Accel_FullScale)
 .text._ZN8MPU_605018readAccelRegistersEv
                0x0000000008001900       0xa2 ./Core/Src/MPU_6050_Driver.o
                0x0000000008001900                MPU_6050::readAccelRegisters()
 .text._ZN8MPU_605017readGyroRegistersEv
                0x00000000080019a2       0xa2 ./Core/Src/MPU_6050_Driver.o
                0x00000000080019a2                MPU_6050::readGyroRegisters()
 *fill*         0x0000000008001a44        0x4 
 .text._ZN8MPU_605017readTempRegistersEv
                0x0000000008001a48       0x9c ./Core/Src/MPU_6050_Driver.o
                0x0000000008001a48                MPU_6050::readTempRegisters()
 .text._ZN8MPU_605010updateDataEv
                0x0000000008001ae4       0x28 ./Core/Src/MPU_6050_Driver.o
                0x0000000008001ae4                MPU_6050::updateData()
 .text._ZN8MPU_605014resetRegistersEv
                0x0000000008001b0c       0x38 ./Core/Src/MPU_6050_Driver.o
                0x0000000008001b0c                MPU_6050::resetRegisters()
 .text._ZN8MPU_60509sleepModeEb
                0x0000000008001b44       0x86 ./Core/Src/MPU_6050_Driver.o
                0x0000000008001b44                MPU_6050::sleepMode(bool)
 .text._ZN8MPU_605017selectClockSourceE12Clock_Select
                0x0000000008001bca       0x78 ./Core/Src/MPU_6050_Driver.o
                0x0000000008001bca                MPU_6050::selectClockSource(Clock_Select)
 .text._ZN8MPU_605011disableTempEb
                0x0000000008001c42       0x86 ./Core/Src/MPU_6050_Driver.o
                0x0000000008001c42                MPU_6050::disableTemp(bool)
 .text._ZN8MPU_605017generateNewResultEv
                0x0000000008001cc8       0x1a ./Core/Src/MPU_6050_Driver.o
                0x0000000008001cc8                MPU_6050::generateNewResult()
 .text._ZSt4fabsf
                0x0000000008001ce2       0x20 ./Core/Src/MotorControl.o
                0x0000000008001ce2                std::fabs(float)
 .text._ZN5MotorC2EP17TIM_HandleTypeDefS1_jj
                0x0000000008001d02       0x3c ./Core/Src/MotorControl.o
                0x0000000008001d02                Motor::Motor(TIM_HandleTypeDef*, TIM_HandleTypeDef*, unsigned int, unsigned int)
                0x0000000008001d02                Motor::Motor(TIM_HandleTypeDef*, TIM_HandleTypeDef*, unsigned int, unsigned int)
 .text._ZN5Motor4initEv
                0x0000000008001d3e       0x30 ./Core/Src/MotorControl.o
                0x0000000008001d3e                Motor::init()
 *fill*         0x0000000008001d6e        0x2 
 .text._ZNK5Motor5driveEv
                0x0000000008001d70       0xfc ./Core/Src/MotorControl.o
                0x0000000008001d70                Motor::drive() const
 .text._ZN5Motor6targetEf
                0x0000000008001e6c       0x58 ./Core/Src/MotorControl.o
                0x0000000008001e6c                Motor::target(float)
 .text._ZN6ChasisC2EdP5MotorS1_S1_S1_b
                0x0000000008001ec4       0x4a ./Core/Src/MotorControl.o
                0x0000000008001ec4                Chasis::Chasis(double, Motor*, Motor*, Motor*, Motor*, bool)
                0x0000000008001ec4                Chasis::Chasis(double, Motor*, Motor*, Motor*, Motor*, bool)
 .text._ZN6Chasis4initEv
                0x0000000008001f0e       0x38 ./Core/Src/MotorControl.o
                0x0000000008001f0e                Chasis::init()
 .text._ZN6Chasis5steerEff
                0x0000000008001f46       0xae ./Core/Src/MotorControl.o
                0x0000000008001f46                Chasis::steer(float, float)
 .text._ZN6Chasis5driveEv
                0x0000000008001ff4       0x38 ./Core/Src/MotorControl.o
                0x0000000008001ff4                Chasis::drive()
 .text.HAL_UART_RxCpltCallback
                0x000000000800202c       0x20 ./Core/Src/freertos.o
                0x000000000800202c                HAL_UART_RxCpltCallback
 .text._Z16MX_FREERTOS_Initv
                0x000000000800204c       0x68 ./Core/Src/freertos.o
                0x000000000800204c                MX_FREERTOS_Init()
 .text._Z16StartDefaultTaskPv
                0x00000000080020b4       0x1c ./Core/Src/freertos.o
                0x00000000080020b4                StartDefaultTask(void*)
 .text._Z11StartTask02Pv
                0x00000000080020d0       0x1c ./Core/Src/freertos.o
                0x00000000080020d0                StartTask02(void*)
 .text._Z10startCommsPv
                0x00000000080020ec       0x10 ./Core/Src/freertos.o
                0x00000000080020ec                startComms(void*)
 *fill*         0x00000000080020fc        0x4 
 .text._Z41__static_initialization_and_destruction_0ii
                0x0000000008002100      0x110 ./Core/Src/freertos.o
 .text._GLOBAL__sub_I_right_b
                0x0000000008002210       0x10 ./Core/Src/freertos.o
 .text._GLOBAL__sub_D_right_b
                0x0000000008002220       0x10 ./Core/Src/freertos.o
 .text.MX_GPIO_Init
                0x0000000008002230      0x120 ./Core/Src/gpio.o
                0x0000000008002230                MX_GPIO_Init
 .text.MX_I2C1_Init
                0x0000000008002350       0x5c ./Core/Src/i2c.o
                0x0000000008002350                MX_I2C1_Init
 .text.HAL_I2C_MspInit
                0x00000000080023ac       0xb0 ./Core/Src/i2c.o
                0x00000000080023ac                HAL_I2C_MspInit
 .text.main     0x000000000800245c       0x4c ./Core/Src/main.o
                0x000000000800245c                main
 .text._Z18SystemClock_Configv
                0x00000000080024a8       0xd0 ./Core/Src/main.o
                0x00000000080024a8                SystemClock_Config()
 .text.Error_Handler
                0x0000000008002578        0xa ./Core/Src/main.o
                0x0000000008002578                Error_Handler
 *fill*         0x0000000008002582        0x2 
 .text.HAL_MspInit
                0x0000000008002584       0x58 ./Core/Src/stm32f4xx_hal_msp.o
                0x0000000008002584                HAL_MspInit
 .text.NMI_Handler
                0x00000000080025dc        0x6 ./Core/Src/stm32f4xx_it.o
                0x00000000080025dc                NMI_Handler
 .text.HardFault_Handler
                0x00000000080025e2        0x6 ./Core/Src/stm32f4xx_it.o
                0x00000000080025e2                HardFault_Handler
 .text.MemManage_Handler
                0x00000000080025e8        0x6 ./Core/Src/stm32f4xx_it.o
                0x00000000080025e8                MemManage_Handler
 .text.BusFault_Handler
                0x00000000080025ee        0x6 ./Core/Src/stm32f4xx_it.o
                0x00000000080025ee                BusFault_Handler
 .text.UsageFault_Handler
                0x00000000080025f4        0x6 ./Core/Src/stm32f4xx_it.o
                0x00000000080025f4                UsageFault_Handler
 .text.DebugMon_Handler
                0x00000000080025fa        0xe ./Core/Src/stm32f4xx_it.o
                0x00000000080025fa                DebugMon_Handler
 .text.SysTick_Handler
                0x0000000008002608       0x1a ./Core/Src/stm32f4xx_it.o
                0x0000000008002608                SysTick_Handler
 *fill*         0x0000000008002622        0x2 
 .text.I2C1_EV_IRQHandler
                0x0000000008002624       0x14 ./Core/Src/stm32f4xx_it.o
                0x0000000008002624                I2C1_EV_IRQHandler
 .text.I2C1_ER_IRQHandler
                0x0000000008002638       0x14 ./Core/Src/stm32f4xx_it.o
                0x0000000008002638                I2C1_ER_IRQHandler
 .text.USART1_IRQHandler
                0x000000000800264c       0x14 ./Core/Src/stm32f4xx_it.o
                0x000000000800264c                USART1_IRQHandler
 .text._getpid  0x0000000008002660       0x10 ./Core/Src/syscalls.o
                0x0000000008002660                _getpid
 .text._kill    0x0000000008002670       0x20 ./Core/Src/syscalls.o
                0x0000000008002670                _kill
 .text._exit    0x0000000008002690       0x14 ./Core/Src/syscalls.o
                0x0000000008002690                _exit
 .text._sbrk    0x00000000080026a4       0x6c ./Core/Src/sysmem.o
                0x00000000080026a4                _sbrk
 .text.SystemInit
                0x0000000008002710       0x24 ./Core/Src/system_stm32f4xx.o
                0x0000000008002710                SystemInit
 .text.MX_TIM1_Init
                0x0000000008002734      0x108 ./Core/Src/tim.o
                0x0000000008002734                MX_TIM1_Init
 .text.MX_TIM2_Init
                0x000000000800283c       0xb0 ./Core/Src/tim.o
                0x000000000800283c                MX_TIM2_Init
 .text.MX_TIM3_Init
                0x00000000080028ec       0xf4 ./Core/Src/tim.o
                0x00000000080028ec                MX_TIM3_Init
 .text.MX_TIM4_Init
                0x00000000080029e0       0xc8 ./Core/Src/tim.o
                0x00000000080029e0                MX_TIM4_Init
 .text.HAL_TIM_PWM_MspInit
                0x0000000008002aa8       0xc4 ./Core/Src/tim.o
                0x0000000008002aa8                HAL_TIM_PWM_MspInit
 .text.HAL_TIM_MspPostInit
                0x0000000008002b6c      0x158 ./Core/Src/tim.o
                0x0000000008002b6c                HAL_TIM_MspPostInit
 .text.MX_USART1_UART_Init
                0x0000000008002cc4       0x54 ./Core/Src/usart.o
                0x0000000008002cc4                MX_USART1_UART_Init
 .text.HAL_UART_MspInit
                0x0000000008002d18       0xa0 ./Core/Src/usart.o
                0x0000000008002d18                HAL_UART_MspInit
 .text.Reset_Handler
                0x0000000008002db8       0x50 ./Core/Startup/startup_stm32f411ceux.o
                0x0000000008002db8                Reset_Handler
 .text.Default_Handler
                0x0000000008002e08        0x2 ./Core/Startup/startup_stm32f411ceux.o
                0x0000000008002e08                RTC_Alarm_IRQHandler
                0x0000000008002e08                EXTI2_IRQHandler
                0x0000000008002e08                SPI4_IRQHandler
                0x0000000008002e08                TIM1_CC_IRQHandler
                0x0000000008002e08                DMA2_Stream5_IRQHandler
                0x0000000008002e08                DMA1_Stream5_IRQHandler
                0x0000000008002e08                PVD_IRQHandler
                0x0000000008002e08                SDIO_IRQHandler
                0x0000000008002e08                TAMP_STAMP_IRQHandler
                0x0000000008002e08                EXTI3_IRQHandler
                0x0000000008002e08                TIM1_UP_TIM10_IRQHandler
                0x0000000008002e08                I2C3_ER_IRQHandler
                0x0000000008002e08                EXTI0_IRQHandler
                0x0000000008002e08                I2C2_EV_IRQHandler
                0x0000000008002e08                DMA1_Stream2_IRQHandler
                0x0000000008002e08                FPU_IRQHandler
                0x0000000008002e08                DMA2_Stream2_IRQHandler
                0x0000000008002e08                SPI1_IRQHandler
                0x0000000008002e08                TIM1_BRK_TIM9_IRQHandler
                0x0000000008002e08                DMA2_Stream3_IRQHandler
                0x0000000008002e08                USART6_IRQHandler
                0x0000000008002e08                DMA2_Stream0_IRQHandler
                0x0000000008002e08                TIM4_IRQHandler
                0x0000000008002e08                DMA1_Stream6_IRQHandler
                0x0000000008002e08                DMA1_Stream1_IRQHandler
                0x0000000008002e08                TIM3_IRQHandler
                0x0000000008002e08                RCC_IRQHandler
                0x0000000008002e08                Default_Handler
                0x0000000008002e08                EXTI15_10_IRQHandler
                0x0000000008002e08                ADC_IRQHandler
                0x0000000008002e08                DMA1_Stream7_IRQHandler
                0x0000000008002e08                SPI5_IRQHandler
                0x0000000008002e08                TIM5_IRQHandler
                0x0000000008002e08                DMA2_Stream7_IRQHandler
                0x0000000008002e08                I2C3_EV_IRQHandler
                0x0000000008002e08                EXTI9_5_IRQHandler
                0x0000000008002e08                RTC_WKUP_IRQHandler
                0x0000000008002e08                SPI2_IRQHandler
                0x0000000008002e08                DMA1_Stream0_IRQHandler
                0x0000000008002e08                EXTI4_IRQHandler
                0x0000000008002e08                WWDG_IRQHandler
                0x0000000008002e08                TIM2_IRQHandler
                0x0000000008002e08                OTG_FS_WKUP_IRQHandler
                0x0000000008002e08                TIM1_TRG_COM_TIM11_IRQHandler
                0x0000000008002e08                EXTI1_IRQHandler
                0x0000000008002e08                USART2_IRQHandler
                0x0000000008002e08                I2C2_ER_IRQHandler
                0x0000000008002e08                DMA2_Stream1_IRQHandler
                0x0000000008002e08                FLASH_IRQHandler
                0x0000000008002e08                DMA2_Stream4_IRQHandler
                0x0000000008002e08                OTG_FS_IRQHandler
                0x0000000008002e08                SPI3_IRQHandler
                0x0000000008002e08                DMA1_Stream4_IRQHandler
                0x0000000008002e08                DMA2_Stream6_IRQHandler
                0x0000000008002e08                DMA1_Stream3_IRQHandler
 *fill*         0x0000000008002e0a        0x2 
 .text.HAL_Init
                0x0000000008002e0c       0x44 ./Drivers/STM32F4xx_HAL_Driver/Src/stm32f4xx_hal.o
                0x0000000008002e0c                HAL_Init
 .text.HAL_InitTick
                0x0000000008002e50       0x60 ./Drivers/STM32F4xx_HAL_Driver/Src/stm32f4xx_hal.o
                0x0000000008002e50                HAL_InitTick
 .text.HAL_IncTick
                0x0000000008002eb0       0x28 ./Drivers/STM32F4xx_HAL_Driver/Src/stm32f4xx_hal.o
                0x0000000008002eb0                HAL_IncTick
 .text.HAL_GetTick
                0x0000000008002ed8       0x18 ./Drivers/STM32F4xx_HAL_Driver/Src/stm32f4xx_hal.o
                0x0000000008002ed8                HAL_GetTick
 .text.__NVIC_SetPriorityGrouping
                0x0000000008002ef0       0x48 ./Drivers/STM32F4xx_HAL_Driver/Src/stm32f4xx_hal_cortex.o
 .text.__NVIC_GetPriorityGrouping
                0x0000000008002f38       0x1c ./Drivers/STM32F4xx_HAL_Driver/Src/stm32f4xx_hal_cortex.o
 .text.__NVIC_EnableIRQ
                0x0000000008002f54       0x3c ./Drivers/STM32F4xx_HAL_Driver/Src/stm32f4xx_hal_cortex.o
 .text.__NVIC_SetPriority
                0x0000000008002f90       0x54 ./Drivers/STM32F4xx_HAL_Driver/Src/stm32f4xx_hal_cortex.o
 .text.NVIC_EncodePriority
                0x0000000008002fe4       0x66 ./Drivers/STM32F4xx_HAL_Driver/Src/stm32f4xx_hal_cortex.o
 *fill*         0x000000000800304a        0x2 
 .text.SysTick_Config
                0x000000000800304c       0x44 ./Drivers/STM32F4xx_HAL_Driver/Src/stm32f4xx_hal_cortex.o
 .text.HAL_NVIC_SetPriorityGrouping
                0x0000000008003090       0x16 ./Drivers/STM32F4xx_HAL_Driver/Src/stm32f4xx_hal_cortex.o
                0x0000000008003090                HAL_NVIC_SetPriorityGrouping
 .text.HAL_NVIC_SetPriority
                0x00000000080030a6       0x38 ./Drivers/STM32F4xx_HAL_Driver/Src/stm32f4xx_hal_cortex.o
                0x00000000080030a6                HAL_NVIC_SetPriority
 .text.HAL_NVIC_EnableIRQ
                0x00000000080030de       0x1c ./Drivers/STM32F4xx_HAL_Driver/Src/stm32f4xx_hal_cortex.o
                0x00000000080030de                HAL_NVIC_EnableIRQ
 .text.HAL_SYSTICK_Config
                0x00000000080030fa       0x18 ./Drivers/STM32F4xx_HAL_Driver/Src/stm32f4xx_hal_cortex.o
                0x00000000080030fa                HAL_SYSTICK_Config
 .text.HAL_DMA_Abort
                0x0000000008003112       0xe0 ./Drivers/STM32F4xx_HAL_Driver/Src/stm32f4xx_hal_dma.o
                0x0000000008003112                HAL_DMA_Abort
 .text.HAL_DMA_Abort_IT
                0x00000000080031f2       0x44 ./Drivers/STM32F4xx_HAL_Driver/Src/stm32f4xx_hal_dma.o
                0x00000000080031f2                HAL_DMA_Abort_IT
 .text.HAL_DMA_GetState
                0x0000000008003236       0x1c ./Drivers/STM32F4xx_HAL_Driver/Src/stm32f4xx_hal_dma.o
                0x0000000008003236                HAL_DMA_GetState
 *fill*         0x0000000008003252        0x2 
 .text.HAL_GPIO_Init
                0x0000000008003254      0x308 ./Drivers/STM32F4xx_HAL_Driver/Src/stm32f4xx_hal_gpio.o
                0x0000000008003254                HAL_GPIO_Init
 .text.HAL_GPIO_WritePin
                0x000000000800355c       0x32 ./Drivers/STM32F4xx_HAL_Driver/Src/stm32f4xx_hal_gpio.o
                0x000000000800355c                HAL_GPIO_WritePin
 *fill*         0x000000000800358e        0x2 
 .text.HAL_I2C_Init
                0x0000000008003590      0x288 ./Drivers/STM32F4xx_HAL_Driver/Src/stm32f4xx_hal_i2c.o
                0x0000000008003590                HAL_I2C_Init
 .text.HAL_I2C_Mem_Write
                0x0000000008003818      0x1f4 ./Drivers/STM32F4xx_HAL_Driver/Src/stm32f4xx_hal_i2c.o
                0x0000000008003818                HAL_I2C_Mem_Write
 .text.HAL_I2C_Mem_Read
                0x0000000008003a0c      0x44c ./Drivers/STM32F4xx_HAL_Driver/Src/stm32f4xx_hal_i2c.o
                0x0000000008003a0c                HAL_I2C_Mem_Read
 .text.HAL_I2C_EV_IRQHandler
                0x0000000008003e58      0x2e2 ./Drivers/STM32F4xx_HAL_Driver/Src/stm32f4xx_hal_i2c.o
                0x0000000008003e58                HAL_I2C_EV_IRQHandler
 .text.HAL_I2C_ER_IRQHandler
                0x000000000800413a      0x14e ./Drivers/STM32F4xx_HAL_Driver/Src/stm32f4xx_hal_i2c.o
                0x000000000800413a                HAL_I2C_ER_IRQHandler
 .text.HAL_I2C_MasterTxCpltCallback
                0x0000000008004288       0x14 ./Drivers/STM32F4xx_HAL_Driver/Src/stm32f4xx_hal_i2c.o
                0x0000000008004288                HAL_I2C_MasterTxCpltCallback
 .text.HAL_I2C_MasterRxCpltCallback
                0x000000000800429c       0x14 ./Drivers/STM32F4xx_HAL_Driver/Src/stm32f4xx_hal_i2c.o
                0x000000000800429c                HAL_I2C_MasterRxCpltCallback
 .text.HAL_I2C_SlaveTxCpltCallback
                0x00000000080042b0       0x14 ./Drivers/STM32F4xx_HAL_Driver/Src/stm32f4xx_hal_i2c.o
                0x00000000080042b0                HAL_I2C_SlaveTxCpltCallback
 .text.HAL_I2C_SlaveRxCpltCallback
                0x00000000080042c4       0x14 ./Drivers/STM32F4xx_HAL_Driver/Src/stm32f4xx_hal_i2c.o
                0x00000000080042c4                HAL_I2C_SlaveRxCpltCallback
 .text.HAL_I2C_AddrCallback
                0x00000000080042d8       0x1c ./Drivers/STM32F4xx_HAL_Driver/Src/stm32f4xx_hal_i2c.o
                0x00000000080042d8                HAL_I2C_AddrCallback
 .text.HAL_I2C_ListenCpltCallback
                0x00000000080042f4       0x14 ./Drivers/STM32F4xx_HAL_Driver/Src/stm32f4xx_hal_i2c.o
                0x00000000080042f4                HAL_I2C_ListenCpltCallback
 .text.HAL_I2C_MemTxCpltCallback
                0x0000000008004308       0x14 ./Drivers/STM32F4xx_HAL_Driver/Src/stm32f4xx_hal_i2c.o
                0x0000000008004308                HAL_I2C_MemTxCpltCallback
 .text.HAL_I2C_MemRxCpltCallback
                0x000000000800431c       0x14 ./Drivers/STM32F4xx_HAL_Driver/Src/stm32f4xx_hal_i2c.o
                0x000000000800431c                HAL_I2C_MemRxCpltCallback
 .text.HAL_I2C_ErrorCallback
                0x0000000008004330       0x14 ./Drivers/STM32F4xx_HAL_Driver/Src/stm32f4xx_hal_i2c.o
                0x0000000008004330                HAL_I2C_ErrorCallback
 .text.HAL_I2C_AbortCpltCallback
                0x0000000008004344       0x14 ./Drivers/STM32F4xx_HAL_Driver/Src/stm32f4xx_hal_i2c.o
                0x0000000008004344                HAL_I2C_AbortCpltCallback
 .text.I2C_MasterTransmit_TXE
                0x0000000008004358      0x138 ./Drivers/STM32F4xx_HAL_Driver/Src/stm32f4xx_hal_i2c.o
 .text.I2C_MasterTransmit_BTF
                0x0000000008004490       0xec ./Drivers/STM32F4xx_HAL_Driver/Src/stm32f4xx_hal_i2c.o
 .text.I2C_MemoryTransmit_TXE_BTF
                0x000000000800457c      0x128 ./Drivers/STM32F4xx_HAL_Driver/Src/stm32f4xx_hal_i2c.o
 .text.I2C_MasterReceive_RXNE
                0x00000000080046a4      0x176 ./Drivers/STM32F4xx_HAL_Driver/Src/stm32f4xx_hal_i2c.o
 .text.I2C_MasterReceive_BTF
                0x000000000800481a      0x1d4 ./Drivers/STM32F4xx_HAL_Driver/Src/stm32f4xx_hal_i2c.o
 .text.I2C_Master_SB
                0x00000000080049ee      0x10c ./Drivers/STM32F4xx_HAL_Driver/Src/stm32f4xx_hal_i2c.o
 .text.I2C_Master_ADD10
                0x0000000008004afa       0x54 ./Drivers/STM32F4xx_HAL_Driver/Src/stm32f4xx_hal_i2c.o
 .text.I2C_Master_ADDR
                0x0000000008004b4e      0x322 ./Drivers/STM32F4xx_HAL_Driver/Src/stm32f4xx_hal_i2c.o
 .text.I2C_SlaveTransmit_TXE
                0x0000000008004e70       0x7a ./Drivers/STM32F4xx_HAL_Driver/Src/stm32f4xx_hal_i2c.o
 .text.I2C_SlaveTransmit_BTF
                0x0000000008004eea       0x42 ./Drivers/STM32F4xx_HAL_Driver/Src/stm32f4xx_hal_i2c.o
 .text.I2C_SlaveReceive_RXNE
                0x0000000008004f2c       0x7c ./Drivers/STM32F4xx_HAL_Driver/Src/stm32f4xx_hal_i2c.o
 .text.I2C_SlaveReceive_BTF
                0x0000000008004fa8       0x44 ./Drivers/STM32F4xx_HAL_Driver/Src/stm32f4xx_hal_i2c.o
 .text.I2C_Slave_ADDR
                0x0000000008004fec       0x94 ./Drivers/STM32F4xx_HAL_Driver/Src/stm32f4xx_hal_i2c.o
 .text.I2C_Slave_STOPF
                0x0000000008005080      0x260 ./Drivers/STM32F4xx_HAL_Driver/Src/stm32f4xx_hal_i2c.o
 .text.I2C_Slave_AF
                0x00000000080052e0       0xe0 ./Drivers/STM32F4xx_HAL_Driver/Src/stm32f4xx_hal_i2c.o
 .text.I2C_ITError
                0x00000000080053c0      0x264 ./Drivers/STM32F4xx_HAL_Driver/Src/stm32f4xx_hal_i2c.o
 .text.I2C_RequestMemoryWrite
                0x0000000008005624      0x12c ./Drivers/STM32F4xx_HAL_Driver/Src/stm32f4xx_hal_i2c.o
 .text.I2C_RequestMemoryRead
                0x0000000008005750      0x1d0 ./Drivers/STM32F4xx_HAL_Driver/Src/stm32f4xx_hal_i2c.o
 .text.I2C_DMAAbort
                0x0000000008005920      0x150 ./Drivers/STM32F4xx_HAL_Driver/Src/stm32f4xx_hal_i2c.o
 .text.I2C_WaitOnFlagUntilTimeout
                0x0000000008005a70       0xae ./Drivers/STM32F4xx_HAL_Driver/Src/stm32f4xx_hal_i2c.o
 .text.I2C_WaitOnMasterAddressFlagUntilTimeout
                0x0000000008005b1e       0xfe ./Drivers/STM32F4xx_HAL_Driver/Src/stm32f4xx_hal_i2c.o
 .text.I2C_WaitOnTXEFlagUntilTimeout
                0x0000000008005c1c       0x82 ./Drivers/STM32F4xx_HAL_Driver/Src/stm32f4xx_hal_i2c.o
 .text.I2C_WaitOnBTFFlagUntilTimeout
                0x0000000008005c9e       0x82 ./Drivers/STM32F4xx_HAL_Driver/Src/stm32f4xx_hal_i2c.o
 .text.I2C_WaitOnSTOPRequestThroughIT
                0x0000000008005d20       0x64 ./Drivers/STM32F4xx_HAL_Driver/Src/stm32f4xx_hal_i2c.o
 .text.I2C_WaitOnRXNEFlagUntilTimeout
                0x0000000008005d84       0xac ./Drivers/STM32F4xx_HAL_Driver/Src/stm32f4xx_hal_i2c.o
 .text.I2C_IsAcknowledgeFailed
                0x0000000008005e30       0x5e ./Drivers/STM32F4xx_HAL_Driver/Src/stm32f4xx_hal_i2c.o
 .text.I2C_ConvertOtherXferOptions
                0x0000000008005e8e       0x36 ./Drivers/STM32F4xx_HAL_Driver/Src/stm32f4xx_hal_i2c.o
 .text.HAL_RCC_OscConfig
                0x0000000008005ec4      0x4f0 ./Drivers/STM32F4xx_HAL_Driver/Src/stm32f4xx_hal_rcc.o
                0x0000000008005ec4                HAL_RCC_OscConfig
 .text.HAL_RCC_ClockConfig
                0x00000000080063b4      0x1cc ./Drivers/STM32F4xx_HAL_Driver/Src/stm32f4xx_hal_rcc.o
                0x00000000080063b4                HAL_RCC_ClockConfig
 .text.HAL_RCC_GetSysClockFreq
                0x0000000008006580      0x18c ./Drivers/STM32F4xx_HAL_Driver/Src/stm32f4xx_hal_rcc.o
                0x0000000008006580                HAL_RCC_GetSysClockFreq
 .text.HAL_RCC_GetHCLKFreq
                0x000000000800670c       0x18 ./Drivers/STM32F4xx_HAL_Driver/Src/stm32f4xx_hal_rcc.o
                0x000000000800670c                HAL_RCC_GetHCLKFreq
 .text.HAL_RCC_GetPCLK1Freq
                0x0000000008006724       0x28 ./Drivers/STM32F4xx_HAL_Driver/Src/stm32f4xx_hal_rcc.o
                0x0000000008006724                HAL_RCC_GetPCLK1Freq
 .text.HAL_RCC_GetPCLK2Freq
                0x000000000800674c       0x28 ./Drivers/STM32F4xx_HAL_Driver/Src/stm32f4xx_hal_rcc.o
                0x000000000800674c                HAL_RCC_GetPCLK2Freq
 .text.HAL_TIM_PWM_Init
                0x0000000008006774       0x9e ./Drivers/STM32F4xx_HAL_Driver/Src/stm32f4xx_hal_tim.o
                0x0000000008006774                HAL_TIM_PWM_Init
 *fill*         0x0000000008006812        0x2 
 .text.HAL_TIM_PWM_Start
                0x0000000008006814      0x160 ./Drivers/STM32F4xx_HAL_Driver/Src/stm32f4xx_hal_tim.o
                0x0000000008006814                HAL_TIM_PWM_Start
 .text.HAL_TIM_PWM_ConfigChannel
                0x0000000008006974      0x184 ./Drivers/STM32F4xx_HAL_Driver/Src/stm32f4xx_hal_tim.o
                0x0000000008006974                HAL_TIM_PWM_ConfigChannel
 .text.TIM_Base_SetConfig
                0x0000000008006af8      0x100 ./Drivers/STM32F4xx_HAL_Driver/Src/stm32f4xx_hal_tim.o
                0x0000000008006af8                TIM_Base_SetConfig
 .text.TIM_OC1_SetConfig
                0x0000000008006bf8       0xcc ./Drivers/STM32F4xx_HAL_Driver/Src/stm32f4xx_hal_tim.o
 .text.TIM_OC2_SetConfig
                0x0000000008006cc4       0xd8 ./Drivers/STM32F4xx_HAL_Driver/Src/stm32f4xx_hal_tim.o
                0x0000000008006cc4                TIM_OC2_SetConfig
 .text.TIM_OC3_SetConfig
                0x0000000008006d9c       0xd4 ./Drivers/STM32F4xx_HAL_Driver/Src/stm32f4xx_hal_tim.o
 .text.TIM_OC4_SetConfig
                0x0000000008006e70       0xa0 ./Drivers/STM32F4xx_HAL_Driver/Src/stm32f4xx_hal_tim.o
 .text.TIM_CCxChannelCmd
                0x0000000008006f10       0x4a ./Drivers/STM32F4xx_HAL_Driver/Src/stm32f4xx_hal_tim.o
                0x0000000008006f10                TIM_CCxChannelCmd
 *fill*         0x0000000008006f5a        0x2 
 .text.HAL_TIMEx_MasterConfigSynchronization
                0x0000000008006f5c       0xdc ./Drivers/STM32F4xx_HAL_Driver/Src/stm32f4xx_hal_tim_ex.o
                0x0000000008006f5c                HAL_TIMEx_MasterConfigSynchronization
 .text.HAL_TIMEx_ConfigBreakDeadTime
                0x0000000008007038       0xa4 ./Drivers/STM32F4xx_HAL_Driver/Src/stm32f4xx_hal_tim_ex.o
                0x0000000008007038                HAL_TIMEx_ConfigBreakDeadTime
 .text.HAL_UART_Init
                0x00000000080070dc       0x9a ./Drivers/STM32F4xx_HAL_Driver/Src/stm32f4xx_hal_uart.o
                0x00000000080070dc                HAL_UART_Init
 .text.HAL_UART_Transmit
                0x0000000008007176      0x124 ./Drivers/STM32F4xx_HAL_Driver/Src/stm32f4xx_hal_uart.o
                0x0000000008007176                HAL_UART_Transmit
 .text.HAL_UART_Receive_IT
                0x000000000800729a       0x60 ./Drivers/STM32F4xx_HAL_Driver/Src/stm32f4xx_hal_uart.o
                0x000000000800729a                HAL_UART_Receive_IT
 *fill*         0x00000000080072fa        0x2 
 .text.HAL_UART_IRQHandler
                0x00000000080072fc      0x51c ./Drivers/STM32F4xx_HAL_Driver/Src/stm32f4xx_hal_uart.o
                0x00000000080072fc                HAL_UART_IRQHandler
 .text.HAL_UART_TxCpltCallback
                0x0000000008007818       0x14 ./Drivers/STM32F4xx_HAL_Driver/Src/stm32f4xx_hal_uart.o
                0x0000000008007818                HAL_UART_TxCpltCallback
 .text.HAL_UART_ErrorCallback
                0x000000000800782c       0x14 ./Drivers/STM32F4xx_HAL_Driver/Src/stm32f4xx_hal_uart.o
                0x000000000800782c                HAL_UART_ErrorCallback
 .text.HAL_UARTEx_RxEventCallback
                0x0000000008007840       0x18 ./Drivers/STM32F4xx_HAL_Driver/Src/stm32f4xx_hal_uart.o
                0x0000000008007840                HAL_UARTEx_RxEventCallback
 .text.UART_WaitOnFlagUntilTimeout
                0x0000000008007858       0xdc ./Drivers/STM32F4xx_HAL_Driver/Src/stm32f4xx_hal_uart.o
 .text.UART_Start_Receive_IT
                0x0000000008007934       0x7c ./Drivers/STM32F4xx_HAL_Driver/Src/stm32f4xx_hal_uart.o
                0x0000000008007934                UART_Start_Receive_IT
 .text.UART_EndRxTransfer
                0x00000000080079b0       0xc6 ./Drivers/STM32F4xx_HAL_Driver/Src/stm32f4xx_hal_uart.o
 .text.UART_DMAAbortOnError
                0x0000000008007a76       0x28 ./Drivers/STM32F4xx_HAL_Driver/Src/stm32f4xx_hal_uart.o
 .text.UART_Transmit_IT
                0x0000000008007a9e       0xa0 ./Drivers/STM32F4xx_HAL_Driver/Src/stm32f4xx_hal_uart.o
 .text.UART_EndTransmit_IT
                0x0000000008007b3e       0x30 ./Drivers/STM32F4xx_HAL_Driver/Src/stm32f4xx_hal_uart.o
 .text.UART_Receive_IT
                0x0000000008007b6e      0x176 ./Drivers/STM32F4xx_HAL_Driver/Src/stm32f4xx_hal_uart.o
 .text.UART_SetConfig
                0x0000000008007ce4      0x4e8 ./Drivers/STM32F4xx_HAL_Driver/Src/stm32f4xx_hal_uart.o
 .text.__NVIC_SetPriority
                0x00000000080081cc       0x54 ./Middlewares/Third_Party/FreeRTOS/Source/CMSIS_RTOS_V2/cmsis_os2.o
 .text.SVC_Setup
                0x0000000008008220       0x12 ./Middlewares/Third_Party/FreeRTOS/Source/CMSIS_RTOS_V2/cmsis_os2.o
 *fill*         0x0000000008008232        0x2 
 .text.osKernelInitialize
                0x0000000008008234       0x48 ./Middlewares/Third_Party/FreeRTOS/Source/CMSIS_RTOS_V2/cmsis_os2.o
                0x0000000008008234                osKernelInitialize
 .text.osKernelStart
                0x000000000800827c       0x4c ./Middlewares/Third_Party/FreeRTOS/Source/CMSIS_RTOS_V2/cmsis_os2.o
                0x000000000800827c                osKernelStart
 .text.osThreadNew
                0x00000000080082c8      0x124 ./Middlewares/Third_Party/FreeRTOS/Source/CMSIS_RTOS_V2/cmsis_os2.o
                0x00000000080082c8                osThreadNew
 .text.osDelay  0x00000000080083ec       0x36 ./Middlewares/Third_Party/FreeRTOS/Source/CMSIS_RTOS_V2/cmsis_os2.o
                0x00000000080083ec                osDelay
 *fill*         0x0000000008008422        0x2 
 .text.vApplicationGetIdleTaskMemory
                0x0000000008008424       0x34 ./Middlewares/Third_Party/FreeRTOS/Source/CMSIS_RTOS_V2/cmsis_os2.o
                0x0000000008008424                vApplicationGetIdleTaskMemory
 .text.vApplicationGetTimerTaskMemory
                0x0000000008008458       0x34 ./Middlewares/Third_Party/FreeRTOS/Source/CMSIS_RTOS_V2/cmsis_os2.o
                0x0000000008008458                vApplicationGetTimerTaskMemory
 .text.vListInitialise
                0x000000000800848c       0x40 ./Middlewares/Third_Party/FreeRTOS/Source/list.o
                0x000000000800848c                vListInitialise
 .text.vListInitialiseItem
                0x00000000080084cc       0x1a ./Middlewares/Third_Party/FreeRTOS/Source/list.o
                0x00000000080084cc                vListInitialiseItem
 .text.vListInsertEnd
                0x00000000080084e6       0x48 ./Middlewares/Third_Party/FreeRTOS/Source/list.o
                0x00000000080084e6                vListInsertEnd
 .text.vListInsert
                0x000000000800852e       0x72 ./Middlewares/Third_Party/FreeRTOS/Source/list.o
                0x000000000800852e                vListInsert
 .text.uxListRemove
                0x00000000080085a0       0x54 ./Middlewares/Third_Party/FreeRTOS/Source/list.o
                0x00000000080085a0                uxListRemove
 .text.xQueueGenericReset
                0x00000000080085f4       0xd0 ./Middlewares/Third_Party/FreeRTOS/Source/queue.o
                0x00000000080085f4                xQueueGenericReset
 .text.xQueueGenericCreateStatic
                0x00000000080086c4       0xf0 ./Middlewares/Third_Party/FreeRTOS/Source/queue.o
                0x00000000080086c4                xQueueGenericCreateStatic
 .text.prvInitialiseNewQueue
                0x00000000080087b4       0x46 ./Middlewares/Third_Party/FreeRTOS/Source/queue.o
 *fill*         0x00000000080087fa        0x2 
 .text.xQueueGenericSend
                0x00000000080087fc      0x1fc ./Middlewares/Third_Party/FreeRTOS/Source/queue.o
                0x00000000080087fc                xQueueGenericSend
 .text.xQueueGenericSendFromISR
                0x00000000080089f8      0x136 ./Middlewares/Third_Party/FreeRTOS/Source/queue.o
                0x00000000080089f8                xQueueGenericSendFromISR
 *fill*         0x0000000008008b2e        0x2 
 .text.xQueueReceive
                0x0000000008008b30      0x1c0 ./Middlewares/Third_Party/FreeRTOS/Source/queue.o
                0x0000000008008b30                xQueueReceive
 .text.prvCopyDataToQueue
                0x0000000008008cf0       0xd4 ./Middlewares/Third_Party/FreeRTOS/Source/queue.o
 .text.prvCopyDataFromQueue
                0x0000000008008dc4       0x4c ./Middlewares/Third_Party/FreeRTOS/Source/queue.o
 .text.prvUnlockQueue
                0x0000000008008e10       0xa4 ./Middlewares/Third_Party/FreeRTOS/Source/queue.o
 .text.prvIsQueueEmpty
                0x0000000008008eb4       0x2c ./Middlewares/Third_Party/FreeRTOS/Source/queue.o
 .text.prvIsQueueFull
                0x0000000008008ee0       0x30 ./Middlewares/Third_Party/FreeRTOS/Source/queue.o
 .text.vQueueAddToRegistry
                0x0000000008008f10       0x54 ./Middlewares/Third_Party/FreeRTOS/Source/queue.o
                0x0000000008008f10                vQueueAddToRegistry
 .text.vQueueWaitForMessageRestricted
                0x0000000008008f64       0x68 ./Middlewares/Third_Party/FreeRTOS/Source/queue.o
                0x0000000008008f64                vQueueWaitForMessageRestricted
 .text.xTaskCreateStatic
                0x0000000008008fcc       0xba ./Middlewares/Third_Party/FreeRTOS/Source/tasks.o
                0x0000000008008fcc                xTaskCreateStatic
 .text.xTaskCreate
                0x0000000008009086       0x8a ./Middlewares/Third_Party/FreeRTOS/Source/tasks.o
                0x0000000008009086                xTaskCreate
 .text.prvInitialiseNewTask
                0x0000000008009110      0x11e ./Middlewares/Third_Party/FreeRTOS/Source/tasks.o
 *fill*         0x000000000800922e        0x2 
 .text.prvAddNewTaskToReadyList
                0x0000000008009230       0xe0 ./Middlewares/Third_Party/FreeRTOS/Source/tasks.o
 .text.vTaskDelay
                0x0000000008009310       0x68 ./Middlewares/Third_Party/FreeRTOS/Source/tasks.o
                0x0000000008009310                vTaskDelay
 .text.vTaskStartScheduler
                0x0000000008009378       0xcc ./Middlewares/Third_Party/FreeRTOS/Source/tasks.o
                0x0000000008009378                vTaskStartScheduler
 .text.vTaskSuspendAll
                0x0000000008009444       0x1c ./Middlewares/Third_Party/FreeRTOS/Source/tasks.o
                0x0000000008009444                vTaskSuspendAll
 .text.xTaskResumeAll
                0x0000000008009460      0x13c ./Middlewares/Third_Party/FreeRTOS/Source/tasks.o
                0x0000000008009460                xTaskResumeAll
 .text.xTaskGetTickCount
                0x000000000800959c       0x20 ./Middlewares/Third_Party/FreeRTOS/Source/tasks.o
                0x000000000800959c                xTaskGetTickCount
 .text.xTaskIncrementTick
                0x00000000080095bc      0x174 ./Middlewares/Third_Party/FreeRTOS/Source/tasks.o
                0x00000000080095bc                xTaskIncrementTick
 .text.vTaskSwitchContext
                0x0000000008009730       0xbc ./Middlewares/Third_Party/FreeRTOS/Source/tasks.o
                0x0000000008009730                vTaskSwitchContext
 .text.vTaskPlaceOnEventList
                0x00000000080097ec       0x48 ./Middlewares/Third_Party/FreeRTOS/Source/tasks.o
                0x00000000080097ec                vTaskPlaceOnEventList
 .text.vTaskPlaceOnEventListRestricted
                0x0000000008009834       0x58 ./Middlewares/Third_Party/FreeRTOS/Source/tasks.o
                0x0000000008009834                vTaskPlaceOnEventListRestricted
 .text.xTaskRemoveFromEventList
                0x000000000800988c       0xc8 ./Middlewares/Third_Party/FreeRTOS/Source/tasks.o
                0x000000000800988c                xTaskRemoveFromEventList
 .text.vTaskInternalSetTimeOutState
                0x0000000008009954       0x2c ./Middlewares/Third_Party/FreeRTOS/Source/tasks.o
                0x0000000008009954                vTaskInternalSetTimeOutState
 .text.xTaskCheckForTimeOut
                0x0000000008009980       0xc4 ./Middlewares/Third_Party/FreeRTOS/Source/tasks.o
                0x0000000008009980                xTaskCheckForTimeOut
 .text.vTaskMissedYield
                0x0000000008009a44       0x18 ./Middlewares/Third_Party/FreeRTOS/Source/tasks.o
                0x0000000008009a44                vTaskMissedYield
 .text.prvIdleTask
                0x0000000008009a5c       0x30 ./Middlewares/Third_Party/FreeRTOS/Source/tasks.o
 .text.prvInitialiseTaskLists
                0x0000000008009a8c       0x80 ./Middlewares/Third_Party/FreeRTOS/Source/tasks.o
 .text.prvCheckTasksWaitingTermination
                0x0000000008009b0c       0x5c ./Middlewares/Third_Party/FreeRTOS/Source/tasks.o
 .text.prvDeleteTCB
                0x0000000008009b68       0x5e ./Middlewares/Third_Party/FreeRTOS/Source/tasks.o
 *fill*         0x0000000008009bc6        0x2 
 .text.prvResetNextTaskUnblockTime
                0x0000000008009bc8       0x40 ./Middlewares/Third_Party/FreeRTOS/Source/tasks.o
 .text.xTaskGetSchedulerState
                0x0000000008009c08       0x3c ./Middlewares/Third_Party/FreeRTOS/Source/tasks.o
                0x0000000008009c08                xTaskGetSchedulerState
 .text.xTaskPriorityDisinherit
                0x0000000008009c44       0xdc ./Middlewares/Third_Party/FreeRTOS/Source/tasks.o
                0x0000000008009c44                xTaskPriorityDisinherit
 .text.prvAddCurrentTaskToDelayedList
                0x0000000008009d20       0xa8 ./Middlewares/Third_Party/FreeRTOS/Source/tasks.o
 .text.xTimerCreateTimerTask
                0x0000000008009dc8       0x90 ./Middlewares/Third_Party/FreeRTOS/Source/timers.o
                0x0000000008009dc8                xTimerCreateTimerTask
 .text.xTimerGenericCommand
                0x0000000008009e58       0x9c ./Middlewares/Third_Party/FreeRTOS/Source/timers.o
                0x0000000008009e58                xTimerGenericCommand
 .text.prvProcessExpiredTimer
                0x0000000008009ef4       0x98 ./Middlewares/Third_Party/FreeRTOS/Source/timers.o
 .text.prvTimerTask
                0x0000000008009f8c       0x24 ./Middlewares/Third_Party/FreeRTOS/Source/timers.o
 .text.prvProcessTimerOrBlockTask
                0x0000000008009fb0       0x9c ./Middlewares/Third_Party/FreeRTOS/Source/timers.o
 .text.prvGetNextExpireTime
                0x000000000800a04c       0x48 ./Middlewares/Third_Party/FreeRTOS/Source/timers.o
 .text.prvSampleTimeNow
                0x000000000800a094       0x40 ./Middlewares/Third_Party/FreeRTOS/Source/timers.o
 .text.prvInsertTimerInActiveList
                0x000000000800a0d4       0x84 ./Middlewares/Third_Party/FreeRTOS/Source/timers.o
 .text.prvProcessReceivedCommands
                0x000000000800a158      0x1c4 ./Middlewares/Third_Party/FreeRTOS/Source/timers.o
 .text.prvSwitchTimerLists
                0x000000000800a31c       0xc8 ./Middlewares/Third_Party/FreeRTOS/Source/timers.o
 .text.prvCheckForValidListAndQueue
                0x000000000800a3e4       0x80 ./Middlewares/Third_Party/FreeRTOS/Source/timers.o
 .text.pxPortInitialiseStack
                0x000000000800a464       0x68 ./Middlewares/Third_Party/FreeRTOS/Source/portable/GCC/ARM_CM4F/port.o
                0x000000000800a464                pxPortInitialiseStack
 .text.prvTaskExitError
                0x000000000800a4cc       0x58 ./Middlewares/Third_Party/FreeRTOS/Source/portable/GCC/ARM_CM4F/port.o
 *fill*         0x000000000800a524        0xc 
 .text.SVC_Handler
                0x000000000800a530       0x28 ./Middlewares/Third_Party/FreeRTOS/Source/portable/GCC/ARM_CM4F/port.o
                0x000000000800a530                SVC_Handler
 .text.prvPortStartFirstTask
                0x000000000800a558       0x28 ./Middlewares/Third_Party/FreeRTOS/Source/portable/GCC/ARM_CM4F/port.o
 .text.xPortStartScheduler
                0x000000000800a580      0x144 ./Middlewares/Third_Party/FreeRTOS/Source/portable/GCC/ARM_CM4F/port.o
                0x000000000800a580                xPortStartScheduler
 .text.vPortEnterCritical
                0x000000000800a6c4       0x60 ./Middlewares/Third_Party/FreeRTOS/Source/portable/GCC/ARM_CM4F/port.o
                0x000000000800a6c4                vPortEnterCritical
 .text.vPortExitCritical
                0x000000000800a724       0x54 ./Middlewares/Third_Party/FreeRTOS/Source/portable/GCC/ARM_CM4F/port.o
                0x000000000800a724                vPortExitCritical
 *fill*         0x000000000800a778        0x8 
 .text.PendSV_Handler
                0x000000000800a780       0x68 ./Middlewares/Third_Party/FreeRTOS/Source/portable/GCC/ARM_CM4F/port.o
                0x000000000800a780                PendSV_Handler
 .text.xPortSysTickHandler
                0x000000000800a7e8       0x44 ./Middlewares/Third_Party/FreeRTOS/Source/portable/GCC/ARM_CM4F/port.o
                0x000000000800a7e8                xPortSysTickHandler
 .text.vPortSetupTimerInterrupt
                0x000000000800a82c       0x48 ./Middlewares/Third_Party/FreeRTOS/Source/portable/GCC/ARM_CM4F/port.o
                0x000000000800a82c                vPortSetupTimerInterrupt
 .text.vPortEnableVFP
                0x000000000800a874       0x14 ./Middlewares/Third_Party/FreeRTOS/Source/portable/GCC/ARM_CM4F/port.o
 .text.vPortValidateInterruptPriority
                0x000000000800a888       0x80 ./Middlewares/Third_Party/FreeRTOS/Source/portable/GCC/ARM_CM4F/port.o
                0x000000000800a888                vPortValidateInterruptPriority
 .text.pvPortMalloc
                0x000000000800a908      0x198 ./Middlewares/Third_Party/FreeRTOS/Source/portable/MemMang/heap_4.o
                0x000000000800a908                pvPortMalloc
 .text.vPortFree
                0x000000000800aaa0       0xc4 ./Middlewares/Third_Party/FreeRTOS/Source/portable/MemMang/heap_4.o
                0x000000000800aaa0                vPortFree
 .text.prvHeapInit
                0x000000000800ab64       0xc4 ./Middlewares/Third_Party/FreeRTOS/Source/portable/MemMang/heap_4.o
 .text.prvInsertBlockIntoFreeList
                0x000000000800ac28       0xb4 ./Middlewares/Third_Party/FreeRTOS/Source/portable/MemMang/heap_4.o
 .text._ZdlPvj  0x000000000800acdc        0x4 c:/st/stm32cubeide_1.10.1/stm32cubeide/plugins/com.st.stm32cube.ide.mcu.externaltools.gnu-tools-for-stm32.10.3-2021.10.win32_1.0.0.202111181127/tools/bin/../lib/gcc/arm-none-eabi/10.3.1/../../../../arm-none-eabi/lib/thumb/v7e-m+fp/hard\libstdc++_nano.a(del_ops.o)
                0x000000000800acdc                operator delete(void*, unsigned int)
 .text._Znwj    0x000000000800ace0       0x22 c:/st/stm32cubeide_1.10.1/stm32cubeide/plugins/com.st.stm32cube.ide.mcu.externaltools.gnu-tools-for-stm32.10.3-2021.10.win32_1.0.0.202111181127/tools/bin/../lib/gcc/arm-none-eabi/10.3.1/../../../../arm-none-eabi/lib/thumb/v7e-m+fp/hard\libstdc++_nano.a(new_op.o)
                0x000000000800ace0                operator new(unsigned int)
 .text._ZdlPv   0x000000000800ad02        0x4 c:/st/stm32cubeide_1.10.1/stm32cubeide/plugins/com.st.stm32cube.ide.mcu.externaltools.gnu-tools-for-stm32.10.3-2021.10.win32_1.0.0.202111181127/tools/bin/../lib/gcc/arm-none-eabi/10.3.1/../../../../arm-none-eabi/lib/thumb/v7e-m+fp/hard\libstdc++_nano.a(del_op.o)
                0x000000000800ad02                operator delete(void*)
 *fill*         0x000000000800ad06        0x2 
 .text._ZSt15get_new_handlerv
                0x000000000800ad08       0x10 c:/st/stm32cubeide_1.10.1/stm32cubeide/plugins/com.st.stm32cube.ide.mcu.externaltools.gnu-tools-for-stm32.10.3-2021.10.win32_1.0.0.202111181127/tools/bin/../lib/gcc/arm-none-eabi/10.3.1/../../../../arm-none-eabi/lib/thumb/v7e-m+fp/hard\libstdc++_nano.a(new_handler.o)
                0x000000000800ad08                std::get_new_handler()
 .text.abort    0x000000000800ad18        0xe c:/st/stm32cubeide_1.10.1/stm32cubeide/plugins/com.st.stm32cube.ide.mcu.externaltools.gnu-tools-for-stm32.10.3-2021.10.win32_1.0.0.202111181127/tools/bin/../lib/gcc/arm-none-eabi/10.3.1/../../../../arm-none-eabi/lib/thumb/v7e-m+fp/hard\libc_nano.a(lib_a-abort.o)
                0x000000000800ad18                abort
 *fill*         0x000000000800ad26        0x2 
 .text.__errno  0x000000000800ad28        0xc c:/st/stm32cubeide_1.10.1/stm32cubeide/plugins/com.st.stm32cube.ide.mcu.externaltools.gnu-tools-for-stm32.10.3-2021.10.win32_1.0.0.202111181127/tools/bin/../lib/gcc/arm-none-eabi/10.3.1/../../../../arm-none-eabi/lib/thumb/v7e-m+fp/hard\libc_nano.a(lib_a-errno.o)
                0x000000000800ad28                __errno
 .text.__libc_init_array
                0x000000000800ad34       0x48 c:/st/stm32cubeide_1.10.1/stm32cubeide/plugins/com.st.stm32cube.ide.mcu.externaltools.gnu-tools-for-stm32.10.3-2021.10.win32_1.0.0.202111181127/tools/bin/../lib/gcc/arm-none-eabi/10.3.1/../../../../arm-none-eabi/lib/thumb/v7e-m+fp/hard\libc_nano.a(lib_a-init.o)
                0x000000000800ad34                __libc_init_array
 .text.malloc   0x000000000800ad7c       0x10 c:/st/stm32cubeide_1.10.1/stm32cubeide/plugins/com.st.stm32cube.ide.mcu.externaltools.gnu-tools-for-stm32.10.3-2021.10.win32_1.0.0.202111181127/tools/bin/../lib/gcc/arm-none-eabi/10.3.1/../../../../arm-none-eabi/lib/thumb/v7e-m+fp/hard\libc_nano.a(lib_a-malloc.o)
                0x000000000800ad7c                malloc
 .text.free     0x000000000800ad8c       0x10 c:/st/stm32cubeide_1.10.1/stm32cubeide/plugins/com.st.stm32cube.ide.mcu.externaltools.gnu-tools-for-stm32.10.3-2021.10.win32_1.0.0.202111181127/tools/bin/../lib/gcc/arm-none-eabi/10.3.1/../../../../arm-none-eabi/lib/thumb/v7e-m+fp/hard\libc_nano.a(lib_a-malloc.o)
                0x000000000800ad8c                free
 .text.memcpy   0x000000000800ad9c       0x1c c:/st/stm32cubeide_1.10.1/stm32cubeide/plugins/com.st.stm32cube.ide.mcu.externaltools.gnu-tools-for-stm32.10.3-2021.10.win32_1.0.0.202111181127/tools/bin/../lib/gcc/arm-none-eabi/10.3.1/../../../../arm-none-eabi/lib/thumb/v7e-m+fp/hard\libc_nano.a(lib_a-memcpy-stub.o)
                0x000000000800ad9c                memcpy
 .text.memset   0x000000000800adb8       0x10 c:/st/stm32cubeide_1.10.1/stm32cubeide/plugins/com.st.stm32cube.ide.mcu.externaltools.gnu-tools-for-stm32.10.3-2021.10.win32_1.0.0.202111181127/tools/bin/../lib/gcc/arm-none-eabi/10.3.1/../../../../arm-none-eabi/lib/thumb/v7e-m+fp/hard\libc_nano.a(lib_a-memset.o)
                0x000000000800adb8                memset
 .text._free_r  0x000000000800adc8       0x98 c:/st/stm32cubeide_1.10.1/stm32cubeide/plugins/com.st.stm32cube.ide.mcu.externaltools.gnu-tools-for-stm32.10.3-2021.10.win32_1.0.0.202111181127/tools/bin/../lib/gcc/arm-none-eabi/10.3.1/../../../../arm-none-eabi/lib/thumb/v7e-m+fp/hard\libc_nano.a(lib_a-nano-freer.o)
                0x000000000800adc8                _free_r
 .text.sbrk_aligned
                0x000000000800ae60       0x40 c:/st/stm32cubeide_1.10.1/stm32cubeide/plugins/com.st.stm32cube.ide.mcu.externaltools.gnu-tools-for-stm32.10.3-2021.10.win32_1.0.0.202111181127/tools/bin/../lib/gcc/arm-none-eabi/10.3.1/../../../../arm-none-eabi/lib/thumb/v7e-m+fp/hard\libc_nano.a(lib_a-nano-mallocr.o)
 .text._malloc_r
                0x000000000800aea0       0xe8 c:/st/stm32cubeide_1.10.1/stm32cubeide/plugins/com.st.stm32cube.ide.mcu.externaltools.gnu-tools-for-stm32.10.3-2021.10.win32_1.0.0.202111181127/tools/bin/../lib/gcc/arm-none-eabi/10.3.1/../../../../arm-none-eabi/lib/thumb/v7e-m+fp/hard\libc_nano.a(lib_a-nano-mallocr.o)
                0x000000000800aea0                _malloc_r
 .text._sbrk_r  0x000000000800af88       0x20 c:/st/stm32cubeide_1.10.1/stm32cubeide/plugins/com.st.stm32cube.ide.mcu.externaltools.gnu-tools-for-stm32.10.3-2021.10.win32_1.0.0.202111181127/tools/bin/../lib/gcc/arm-none-eabi/10.3.1/../../../../arm-none-eabi/lib/thumb/v7e-m+fp/hard\libc_nano.a(lib_a-sbrkr.o)
                0x000000000800af88                _sbrk_r
 .text._raise_r
                0x000000000800afa8       0x50 c:/st/stm32cubeide_1.10.1/stm32cubeide/plugins/com.st.stm32cube.ide.mcu.externaltools.gnu-tools-for-stm32.10.3-2021.10.win32_1.0.0.202111181127/tools/bin/../lib/gcc/arm-none-eabi/10.3.1/../../../../arm-none-eabi/lib/thumb/v7e-m+fp/hard\libc_nano.a(lib_a-signal.o)
                0x000000000800afa8                _raise_r
 .text.raise    0x000000000800aff8       0x10 c:/st/stm32cubeide_1.10.1/stm32cubeide/plugins/com.st.stm32cube.ide.mcu.externaltools.gnu-tools-for-stm32.10.3-2021.10.win32_1.0.0.202111181127/tools/bin/../lib/gcc/arm-none-eabi/10.3.1/../../../../arm-none-eabi/lib/thumb/v7e-m+fp/hard\libc_nano.a(lib_a-signal.o)
                0x000000000800aff8                raise
 .text._kill_r  0x000000000800b008       0x24 c:/st/stm32cubeide_1.10.1/stm32cubeide/plugins/com.st.stm32cube.ide.mcu.externaltools.gnu-tools-for-stm32.10.3-2021.10.win32_1.0.0.202111181127/tools/bin/../lib/gcc/arm-none-eabi/10.3.1/../../../../arm-none-eabi/lib/thumb/v7e-m+fp/hard\libc_nano.a(lib_a-signalr.o)
                0x000000000800b008                _kill_r
 .text._getpid_r
                0x000000000800b02c        0x4 c:/st/stm32cubeide_1.10.1/stm32cubeide/plugins/com.st.stm32cube.ide.mcu.externaltools.gnu-tools-for-stm32.10.3-2021.10.win32_1.0.0.202111181127/tools/bin/../lib/gcc/arm-none-eabi/10.3.1/../../../../arm-none-eabi/lib/thumb/v7e-m+fp/hard\libc_nano.a(lib_a-signalr.o)
                0x000000000800b02c                _getpid_r
 .text.__malloc_lock
                0x000000000800b030        0xc c:/st/stm32cubeide_1.10.1/stm32cubeide/plugins/com.st.stm32cube.ide.mcu.externaltools.gnu-tools-for-stm32.10.3-2021.10.win32_1.0.0.202111181127/tools/bin/../lib/gcc/arm-none-eabi/10.3.1/../../../../arm-none-eabi/lib/thumb/v7e-m+fp/hard\libc_nano.a(lib_a-mlock.o)
                0x000000000800b030                __malloc_lock
 .text.__malloc_unlock
                0x000000000800b03c        0xc c:/st/stm32cubeide_1.10.1/stm32cubeide/plugins/com.st.stm32cube.ide.mcu.externaltools.gnu-tools-for-stm32.10.3-2021.10.win32_1.0.0.202111181127/tools/bin/../lib/gcc/arm-none-eabi/10.3.1/../../../../arm-none-eabi/lib/thumb/v7e-m+fp/hard\libc_nano.a(lib_a-mlock.o)
                0x000000000800b03c                __malloc_unlock
 .text.__retarget_lock_acquire_recursive
                0x000000000800b048        0x2 c:/st/stm32cubeide_1.10.1/stm32cubeide/plugins/com.st.stm32cube.ide.mcu.externaltools.gnu-tools-for-stm32.10.3-2021.10.win32_1.0.0.202111181127/tools/bin/../lib/gcc/arm-none-eabi/10.3.1/../../../../arm-none-eabi/lib/thumb/v7e-m+fp/hard\libc_nano.a(lib_a-lock.o)
                0x000000000800b048                __retarget_lock_acquire_recursive
 .text.__retarget_lock_release_recursive
                0x000000000800b04a        0x2 c:/st/stm32cubeide_1.10.1/stm32cubeide/plugins/com.st.stm32cube.ide.mcu.externaltools.gnu-tools-for-stm32.10.3-2021.10.win32_1.0.0.202111181127/tools/bin/../lib/gcc/arm-none-eabi/10.3.1/../../../../arm-none-eabi/lib/thumb/v7e-m+fp/hard\libc_nano.a(lib_a-lock.o)
                0x000000000800b04a                __retarget_lock_release_recursive
 *(.glue_7)
 .glue_7        0x000000000800b04c        0x0 linker stubs
 *(.glue_7t)
 .glue_7t       0x000000000800b04c        0x0 linker stubs
 *(.eh_frame)
 .eh_frame      0x000000000800b04c        0x0 c:/st/stm32cubeide_1.10.1/stm32cubeide/plugins/com.st.stm32cube.ide.mcu.externaltools.gnu-tools-for-stm32.10.3-2021.10.win32_1.0.0.202111181127/tools/bin/../lib/gcc/arm-none-eabi/10.3.1/thumb/v7e-m+fp/hard/crtbegin.o
 *(.init)
 .init          0x000000000800b04c        0x4 c:/st/stm32cubeide_1.10.1/stm32cubeide/plugins/com.st.stm32cube.ide.mcu.externaltools.gnu-tools-for-stm32.10.3-2021.10.win32_1.0.0.202111181127/tools/bin/../lib/gcc/arm-none-eabi/10.3.1/thumb/v7e-m+fp/hard/crti.o
                0x000000000800b04c                _init
 .init          0x000000000800b050        0x8 c:/st/stm32cubeide_1.10.1/stm32cubeide/plugins/com.st.stm32cube.ide.mcu.externaltools.gnu-tools-for-stm32.10.3-2021.10.win32_1.0.0.202111181127/tools/bin/../lib/gcc/arm-none-eabi/10.3.1/thumb/v7e-m+fp/hard/crtn.o
 *(.fini)
 .fini          0x000000000800b058        0x4 c:/st/stm32cubeide_1.10.1/stm32cubeide/plugins/com.st.stm32cube.ide.mcu.externaltools.gnu-tools-for-stm32.10.3-2021.10.win32_1.0.0.202111181127/tools/bin/../lib/gcc/arm-none-eabi/10.3.1/thumb/v7e-m+fp/hard/crti.o
                0x000000000800b058                _fini
 .fini          0x000000000800b05c        0x8 c:/st/stm32cubeide_1.10.1/stm32cubeide/plugins/com.st.stm32cube.ide.mcu.externaltools.gnu-tools-for-stm32.10.3-2021.10.win32_1.0.0.202111181127/tools/bin/../lib/gcc/arm-none-eabi/10.3.1/thumb/v7e-m+fp/hard/crtn.o
                0x000000000800b064                . = ALIGN (0x4)
                0x000000000800b064                _etext = .

.vfp11_veneer   0x000000000800b064        0x0
 .vfp11_veneer  0x000000000800b064        0x0 linker stubs

.v4_bx          0x000000000800b064        0x0
 .v4_bx         0x000000000800b064        0x0 linker stubs

.iplt           0x000000000800b064        0x0
 .iplt          0x000000000800b064        0x0 c:/st/stm32cubeide_1.10.1/stm32cubeide/plugins/com.st.stm32cube.ide.mcu.externaltools.gnu-tools-for-stm32.10.3-2021.10.win32_1.0.0.202111181127/tools/bin/../lib/gcc/arm-none-eabi/10.3.1/thumb/v7e-m+fp/hard/crtbegin.o

.rodata         0x000000000800b064       0xc0
                0x000000000800b064                . = ALIGN (0x4)
 *(.rodata)
 .rodata        0x000000000800b064       0x22 ./Core/Src/freertos.o
 *fill*         0x000000000800b086        0x2 
 .rodata        0x000000000800b088        0x5 ./Middlewares/Third_Party/FreeRTOS/Source/tasks.o
 *fill*         0x000000000800b08d        0x3 
 .rodata        0x000000000800b090        0xd ./Middlewares/Third_Party/FreeRTOS/Source/timers.o
 *(.rodata*)
 *fill*         0x000000000800b09d        0x3 
 .rodata._ZL22defaultTask_attributes
                0x000000000800b0a0       0x24 ./Core/Src/freertos.o
 .rodata._ZL23controlSpeed_attributes
                0x000000000800b0c4       0x24 ./Core/Src/freertos.o
 .rodata._ZL16comms_attributes
                0x000000000800b0e8       0x24 ./Core/Src/freertos.o
 .rodata.AHBPrescTable
                0x000000000800b10c       0x10 ./Core/Src/system_stm32f4xx.o
                0x000000000800b10c                AHBPrescTable
 .rodata.APBPrescTable
                0x000000000800b11c        0x8 ./Core/Src/system_stm32f4xx.o
                0x000000000800b11c                APBPrescTable
                0x000000000800b124                . = ALIGN (0x4)

.ARM.extab      0x000000000800b124        0x0
                0x000000000800b124                . = ALIGN (0x4)
 *(.ARM.extab* .gnu.linkonce.armextab.*)
                0x000000000800b124                . = ALIGN (0x4)

.ARM            0x000000000800b124        0x8
                0x000000000800b124                . = ALIGN (0x4)
                0x000000000800b124                __exidx_start = .
 *(.ARM.exidx*)
 .ARM.exidx     0x000000000800b124        0x8 c:/st/stm32cubeide_1.10.1/stm32cubeide/plugins/com.st.stm32cube.ide.mcu.externaltools.gnu-tools-for-stm32.10.3-2021.10.win32_1.0.0.202111181127/tools/bin/../lib/gcc/arm-none-eabi/10.3.1/thumb/v7e-m+fp/hard\libgcc.a(_udivmoddi4.o)
                0x000000000800b12c                __exidx_end = .
                0x000000000800b12c                . = ALIGN (0x4)

.rel.dyn        0x000000000800b12c        0x0
 .rel.iplt      0x000000000800b12c        0x0 c:/st/stm32cubeide_1.10.1/stm32cubeide/plugins/com.st.stm32cube.ide.mcu.externaltools.gnu-tools-for-stm32.10.3-2021.10.win32_1.0.0.202111181127/tools/bin/../lib/gcc/arm-none-eabi/10.3.1/thumb/v7e-m+fp/hard/crtbegin.o

.preinit_array  0x000000000800b12c        0x0
                0x000000000800b12c                . = ALIGN (0x4)
                0x000000000800b12c                PROVIDE (__preinit_array_start = .)
 *(.preinit_array*)
                0x000000000800b12c                PROVIDE (__preinit_array_end = .)
                0x000000000800b12c                . = ALIGN (0x4)

.init_array     0x000000000800b12c        0x8
                0x000000000800b12c                . = ALIGN (0x4)
                0x000000000800b12c                PROVIDE (__init_array_start = .)
 *(SORT_BY_NAME(.init_array.*))
 *(.init_array*)
 .init_array    0x000000000800b12c        0x4 c:/st/stm32cubeide_1.10.1/stm32cubeide/plugins/com.st.stm32cube.ide.mcu.externaltools.gnu-tools-for-stm32.10.3-2021.10.win32_1.0.0.202111181127/tools/bin/../lib/gcc/arm-none-eabi/10.3.1/thumb/v7e-m+fp/hard/crtbegin.o
 .init_array    0x000000000800b130        0x4 ./Core/Src/freertos.o
                0x000000000800b134                PROVIDE (__init_array_end = .)
                0x000000000800b134                . = ALIGN (0x4)

.fini_array     0x000000000800b134        0x8
                0x000000000800b134                . = ALIGN (0x4)
                [!provide]                        PROVIDE (__fini_array_start = .)
 *(SORT_BY_NAME(.fini_array.*))
 *(.fini_array*)
 .fini_array    0x000000000800b134        0x4 c:/st/stm32cubeide_1.10.1/stm32cubeide/plugins/com.st.stm32cube.ide.mcu.externaltools.gnu-tools-for-stm32.10.3-2021.10.win32_1.0.0.202111181127/tools/bin/../lib/gcc/arm-none-eabi/10.3.1/thumb/v7e-m+fp/hard/crtbegin.o
 .fini_array    0x000000000800b138        0x4 ./Core/Src/freertos.o
                [!provide]                        PROVIDE (__fini_array_end = .)
                0x000000000800b13c                . = ALIGN (0x4)
                0x000000000800b13c                _sidata = LOADADDR (.data)

.data           0x0000000020000000       0x74 load address 0x000000000800b13c
                0x0000000020000000                . = ALIGN (0x4)
                0x0000000020000000                _sdata = .
 *(.data)
 *(.data*)
 .data.SystemCoreClock
                0x0000000020000000        0x4 ./Core/Src/system_stm32f4xx.o
                0x0000000020000000                SystemCoreClock
 .data.uwTickPrio
                0x0000000020000004        0x4 ./Drivers/STM32F4xx_HAL_Driver/Src/stm32f4xx_hal.o
                0x0000000020000004                uwTickPrio
 .data.uwTickFreq
                0x0000000020000008        0x1 ./Drivers/STM32F4xx_HAL_Driver/Src/stm32f4xx_hal.o
                0x0000000020000008                uwTickFreq
 *fill*         0x0000000020000009        0x3 
 .data.uxCriticalNesting
                0x000000002000000c        0x4 ./Middlewares/Third_Party/FreeRTOS/Source/portable/GCC/ARM_CM4F/port.o
 .data._impure_ptr
                0x0000000020000010        0x4 c:/st/stm32cubeide_1.10.1/stm32cubeide/plugins/com.st.stm32cube.ide.mcu.externaltools.gnu-tools-for-stm32.10.3-2021.10.win32_1.0.0.202111181127/tools/bin/../lib/gcc/arm-none-eabi/10.3.1/../../../../arm-none-eabi/lib/thumb/v7e-m+fp/hard\libc_nano.a(lib_a-impure.o)
                0x0000000020000010                _impure_ptr
 .data.impure_data
                0x0000000020000014       0x60 c:/st/stm32cubeide_1.10.1/stm32cubeide/plugins/com.st.stm32cube.ide.mcu.externaltools.gnu-tools-for-stm32.10.3-2021.10.win32_1.0.0.202111181127/tools/bin/../lib/gcc/arm-none-eabi/10.3.1/../../../../arm-none-eabi/lib/thumb/v7e-m+fp/hard\libc_nano.a(lib_a-impure.o)
 *(.RamFunc)
 *(.RamFunc*)
                0x0000000020000074                . = ALIGN (0x4)
                0x0000000020000074                _edata = .

.igot.plt       0x0000000020000074        0x0 load address 0x000000000800b1b0
 .igot.plt      0x0000000020000074        0x0 c:/st/stm32cubeide_1.10.1/stm32cubeide/plugins/com.st.stm32cube.ide.mcu.externaltools.gnu-tools-for-stm32.10.3-2021.10.win32_1.0.0.202111181127/tools/bin/../lib/gcc/arm-none-eabi/10.3.1/thumb/v7e-m+fp/hard/crtbegin.o
                0x0000000020000074                . = ALIGN (0x4)

.bss            0x0000000020000078     0x4cb0 load address 0x000000000800b1b0
                0x0000000020000078                _sbss = .
                0x0000000020000078                __bss_start__ = _sbss
 *(.bss)
 .bss           0x0000000020000078       0x1c c:/st/stm32cubeide_1.10.1/stm32cubeide/plugins/com.st.stm32cube.ide.mcu.externaltools.gnu-tools-for-stm32.10.3-2021.10.win32_1.0.0.202111181127/tools/bin/../lib/gcc/arm-none-eabi/10.3.1/thumb/v7e-m+fp/hard/crtbegin.o
 *(.bss*)
 .bss.right_b   0x0000000020000094       0x14 ./Core/Src/freertos.o
                0x0000000020000094                right_b
 .bss.right_f   0x00000000200000a8       0x14 ./Core/Src/freertos.o
                0x00000000200000a8                right_f
 .bss.left_f    0x00000000200000bc       0x14 ./Core/Src/freertos.o
                0x00000000200000bc                left_f
 .bss.left_b    0x00000000200000d0       0x14 ./Core/Src/freertos.o
                0x00000000200000d0                left_b
 .bss.mpu1      0x00000000200000e4       0x48 ./Core/Src/freertos.o
                0x00000000200000e4                mpu1
 .bss.mpu2      0x000000002000012c       0x48 ./Core/Src/freertos.o
                0x000000002000012c                mpu2
 *fill*         0x0000000020000174        0x4 
 .bss.car       0x0000000020000178       0x20 ./Core/Src/freertos.o
                0x0000000020000178                car
 .bss.carController
                0x0000000020000198       0x60 ./Core/Src/freertos.o
                0x0000000020000198                carController
 .bss.defaultTaskHandle
                0x00000000200001f8        0x4 ./Core/Src/freertos.o
                0x00000000200001f8                defaultTaskHandle
 .bss.controlSpeedHandle
                0x00000000200001fc        0x4 ./Core/Src/freertos.o
                0x00000000200001fc                controlSpeedHandle
 .bss.commsHandle
                0x0000000020000200        0x4 ./Core/Src/freertos.o
                0x0000000020000200                commsHandle
 .bss.hi2c1     0x0000000020000204       0x54 ./Core/Src/i2c.o
                0x0000000020000204                hi2c1
 .bss.__sbrk_heap_end
                0x0000000020000258        0x4 ./Core/Src/sysmem.o
 .bss.htim1     0x000000002000025c       0x48 ./Core/Src/tim.o
                0x000000002000025c                htim1
 .bss.htim2     0x00000000200002a4       0x48 ./Core/Src/tim.o
                0x00000000200002a4                htim2
 .bss.htim3     0x00000000200002ec       0x48 ./Core/Src/tim.o
                0x00000000200002ec                htim3
 .bss.htim4     0x0000000020000334       0x48 ./Core/Src/tim.o
                0x0000000020000334                htim4
 .bss.huart1    0x000000002000037c       0x44 ./Core/Src/usart.o
                0x000000002000037c                huart1
 .bss.uwTick    0x00000000200003c0        0x4 ./Drivers/STM32F4xx_HAL_Driver/Src/stm32f4xx_hal.o
                0x00000000200003c0                uwTick
 .bss.KernelState
                0x00000000200003c4        0x4 ./Middlewares/Third_Party/FreeRTOS/Source/CMSIS_RTOS_V2/cmsis_os2.o
 .bss.Idle_TCB.3
                0x00000000200003c8       0x5c ./Middlewares/Third_Party/FreeRTOS/Source/CMSIS_RTOS_V2/cmsis_os2.o
 .bss.Idle_Stack.2
                0x0000000020000424      0x200 ./Middlewares/Third_Party/FreeRTOS/Source/CMSIS_RTOS_V2/cmsis_os2.o
 .bss.Timer_TCB.1
                0x0000000020000624       0x5c ./Middlewares/Third_Party/FreeRTOS/Source/CMSIS_RTOS_V2/cmsis_os2.o
 .bss.Timer_Stack.0
                0x0000000020000680      0x400 ./Middlewares/Third_Party/FreeRTOS/Source/CMSIS_RTOS_V2/cmsis_os2.o
 .bss.xQueueRegistry
                0x0000000020000a80       0x40 ./Middlewares/Third_Party/FreeRTOS/Source/queue.o
                0x0000000020000a80                xQueueRegistry
 .bss.pxCurrentTCB
                0x0000000020000ac0        0x4 ./Middlewares/Third_Party/FreeRTOS/Source/tasks.o
                0x0000000020000ac0                pxCurrentTCB
 .bss.pxReadyTasksLists
                0x0000000020000ac4      0x460 ./Middlewares/Third_Party/FreeRTOS/Source/tasks.o
 .bss.xDelayedTaskList1
                0x0000000020000f24       0x14 ./Middlewares/Third_Party/FreeRTOS/Source/tasks.o
 .bss.xDelayedTaskList2
                0x0000000020000f38       0x14 ./Middlewares/Third_Party/FreeRTOS/Source/tasks.o
 .bss.pxDelayedTaskList
                0x0000000020000f4c        0x4 ./Middlewares/Third_Party/FreeRTOS/Source/tasks.o
 .bss.pxOverflowDelayedTaskList
                0x0000000020000f50        0x4 ./Middlewares/Third_Party/FreeRTOS/Source/tasks.o
 .bss.xPendingReadyList
                0x0000000020000f54       0x14 ./Middlewares/Third_Party/FreeRTOS/Source/tasks.o
 .bss.xTasksWaitingTermination
                0x0000000020000f68       0x14 ./Middlewares/Third_Party/FreeRTOS/Source/tasks.o
 .bss.uxDeletedTasksWaitingCleanUp
                0x0000000020000f7c        0x4 ./Middlewares/Third_Party/FreeRTOS/Source/tasks.o
 .bss.xSuspendedTaskList
                0x0000000020000f80       0x14 ./Middlewares/Third_Party/FreeRTOS/Source/tasks.o
 .bss.uxCurrentNumberOfTasks
                0x0000000020000f94        0x4 ./Middlewares/Third_Party/FreeRTOS/Source/tasks.o
 .bss.xTickCount
                0x0000000020000f98        0x4 ./Middlewares/Third_Party/FreeRTOS/Source/tasks.o
 .bss.uxTopReadyPriority
                0x0000000020000f9c        0x4 ./Middlewares/Third_Party/FreeRTOS/Source/tasks.o
 .bss.xSchedulerRunning
                0x0000000020000fa0        0x4 ./Middlewares/Third_Party/FreeRTOS/Source/tasks.o
 .bss.xPendedTicks
                0x0000000020000fa4        0x4 ./Middlewares/Third_Party/FreeRTOS/Source/tasks.o
 .bss.xYieldPending
                0x0000000020000fa8        0x4 ./Middlewares/Third_Party/FreeRTOS/Source/tasks.o
 .bss.xNumOfOverflows
                0x0000000020000fac        0x4 ./Middlewares/Third_Party/FreeRTOS/Source/tasks.o
 .bss.uxTaskNumber
                0x0000000020000fb0        0x4 ./Middlewares/Third_Party/FreeRTOS/Source/tasks.o
 .bss.xNextTaskUnblockTime
                0x0000000020000fb4        0x4 ./Middlewares/Third_Party/FreeRTOS/Source/tasks.o
 .bss.xIdleTaskHandle
                0x0000000020000fb8        0x4 ./Middlewares/Third_Party/FreeRTOS/Source/tasks.o
 .bss.uxSchedulerSuspended
                0x0000000020000fbc        0x4 ./Middlewares/Third_Party/FreeRTOS/Source/tasks.o
 .bss.xActiveTimerList1
                0x0000000020000fc0       0x14 ./Middlewares/Third_Party/FreeRTOS/Source/timers.o
 .bss.xActiveTimerList2
                0x0000000020000fd4       0x14 ./Middlewares/Third_Party/FreeRTOS/Source/timers.o
 .bss.pxCurrentTimerList
                0x0000000020000fe8        0x4 ./Middlewares/Third_Party/FreeRTOS/Source/timers.o
 .bss.pxOverflowTimerList
                0x0000000020000fec        0x4 ./Middlewares/Third_Party/FreeRTOS/Source/timers.o
 .bss.xTimerQueue
                0x0000000020000ff0        0x4 ./Middlewares/Third_Party/FreeRTOS/Source/timers.o
 .bss.xTimerTaskHandle
                0x0000000020000ff4        0x4 ./Middlewares/Third_Party/FreeRTOS/Source/timers.o
 .bss.xLastTime.2
                0x0000000020000ff8        0x4 ./Middlewares/Third_Party/FreeRTOS/Source/timers.o
 .bss.ucStaticTimerQueueStorage.1
                0x0000000020000ffc       0xa0 ./Middlewares/Third_Party/FreeRTOS/Source/timers.o
 .bss.xStaticTimerQueue.0
                0x000000002000109c       0x50 ./Middlewares/Third_Party/FreeRTOS/Source/timers.o
 .bss.ucMaxSysCallPriority
                0x00000000200010ec        0x1 ./Middlewares/Third_Party/FreeRTOS/Source/portable/GCC/ARM_CM4F/port.o
 *fill*         0x00000000200010ed        0x3 
 .bss.ulMaxPRIGROUPValue
                0x00000000200010f0        0x4 ./Middlewares/Third_Party/FreeRTOS/Source/portable/GCC/ARM_CM4F/port.o
 .bss.ucHeap    0x00000000200010f4     0x3c00 ./Middlewares/Third_Party/FreeRTOS/Source/portable/MemMang/heap_4.o
 .bss.xStart    0x0000000020004cf4        0x8 ./Middlewares/Third_Party/FreeRTOS/Source/portable/MemMang/heap_4.o
 .bss.pxEnd     0x0000000020004cfc        0x4 ./Middlewares/Third_Party/FreeRTOS/Source/portable/MemMang/heap_4.o
 .bss.xFreeBytesRemaining
                0x0000000020004d00        0x4 ./Middlewares/Third_Party/FreeRTOS/Source/portable/MemMang/heap_4.o
 .bss.xMinimumEverFreeBytesRemaining
                0x0000000020004d04        0x4 ./Middlewares/Third_Party/FreeRTOS/Source/portable/MemMang/heap_4.o
 .bss.xNumberOfSuccessfulAllocations
                0x0000000020004d08        0x4 ./Middlewares/Third_Party/FreeRTOS/Source/portable/MemMang/heap_4.o
 .bss.xNumberOfSuccessfulFrees
                0x0000000020004d0c        0x4 ./Middlewares/Third_Party/FreeRTOS/Source/portable/MemMang/heap_4.o
 .bss.xBlockAllocatedBit
                0x0000000020004d10        0x4 ./Middlewares/Third_Party/FreeRTOS/Source/portable/MemMang/heap_4.o
 .bss._ZN12_GLOBAL__N_113__new_handlerE
                0x0000000020004d14        0x4 c:/st/stm32cubeide_1.10.1/stm32cubeide/plugins/com.st.stm32cube.ide.mcu.externaltools.gnu-tools-for-stm32.10.3-2021.10.win32_1.0.0.202111181127/tools/bin/../lib/gcc/arm-none-eabi/10.3.1/../../../../arm-none-eabi/lib/thumb/v7e-m+fp/hard\libstdc++_nano.a(new_handler.o)
 .bss.__malloc_free_list
                0x0000000020004d18        0x4 c:/st/stm32cubeide_1.10.1/stm32cubeide/plugins/com.st.stm32cube.ide.mcu.externaltools.gnu-tools-for-stm32.10.3-2021.10.win32_1.0.0.202111181127/tools/bin/../lib/gcc/arm-none-eabi/10.3.1/../../../../arm-none-eabi/lib/thumb/v7e-m+fp/hard\libc_nano.a(lib_a-nano-mallocr.o)
                0x0000000020004d18                __malloc_free_list
 .bss.__malloc_sbrk_start
                0x0000000020004d1c        0x4 c:/st/stm32cubeide_1.10.1/stm32cubeide/plugins/com.st.stm32cube.ide.mcu.externaltools.gnu-tools-for-stm32.10.3-2021.10.win32_1.0.0.202111181127/tools/bin/../lib/gcc/arm-none-eabi/10.3.1/../../../../arm-none-eabi/lib/thumb/v7e-m+fp/hard\libc_nano.a(lib_a-nano-mallocr.o)
                0x0000000020004d1c                __malloc_sbrk_start
 .bss.errno     0x0000000020004d20        0x4 c:/st/stm32cubeide_1.10.1/stm32cubeide/plugins/com.st.stm32cube.ide.mcu.externaltools.gnu-tools-for-stm32.10.3-2021.10.win32_1.0.0.202111181127/tools/bin/../lib/gcc/arm-none-eabi/10.3.1/../../../../arm-none-eabi/lib/thumb/v7e-m+fp/hard\libc_nano.a(lib_a-reent.o)
                0x0000000020004d20                errno
 .bss.__lock___malloc_recursive_mutex
                0x0000000020004d24        0x1 c:/st/stm32cubeide_1.10.1/stm32cubeide/plugins/com.st.stm32cube.ide.mcu.externaltools.gnu-tools-for-stm32.10.3-2021.10.win32_1.0.0.202111181127/tools/bin/../lib/gcc/arm-none-eabi/10.3.1/../../../../arm-none-eabi/lib/thumb/v7e-m+fp/hard\libc_nano.a(lib_a-lock.o)
                0x0000000020004d24                __lock___malloc_recursive_mutex
 *(COMMON)
                0x0000000020004d28                . = ALIGN (0x4)
 *fill*         0x0000000020004d25        0x3 
                0x0000000020004d28                _ebss = .
                0x0000000020004d28                __bss_end__ = _ebss

._user_heap_stack
                0x0000000020004d28      0x600 load address 0x000000000800b1b0
                0x0000000020004d28                . = ALIGN (0x8)
                [!provide]                        PROVIDE (end = .)
                0x0000000020004d28                PROVIDE (_end = .)
                0x0000000020004f28                . = (. + _Min_Heap_Size)
 *fill*         0x0000000020004d28      0x200 
                0x0000000020005328                . = (. + _Min_Stack_Size)
 *fill*         0x0000000020004f28      0x400 
                0x0000000020005328                . = ALIGN (0x8)

/DISCARD/
 libc.a(*)
 libm.a(*)
 libgcc.a(*)

.ARM.attributes
                0x0000000000000000       0x30
 *(.ARM.attributes)
 .ARM.attributes
                0x0000000000000000       0x1e c:/st/stm32cubeide_1.10.1/stm32cubeide/plugins/com.st.stm32cube.ide.mcu.externaltools.gnu-tools-for-stm32.10.3-2021.10.win32_1.0.0.202111181127/tools/bin/../lib/gcc/arm-none-eabi/10.3.1/thumb/v7e-m+fp/hard/crti.o
 .ARM.attributes
                0x000000000000001e       0x34 c:/st/stm32cubeide_1.10.1/stm32cubeide/plugins/com.st.stm32cube.ide.mcu.externaltools.gnu-tools-for-stm32.10.3-2021.10.win32_1.0.0.202111181127/tools/bin/../lib/gcc/arm-none-eabi/10.3.1/thumb/v7e-m+fp/hard/crtbegin.o
 .ARM.attributes
                0x0000000000000052       0x34 ./Core/Src/Controller.o
 .ARM.attributes
                0x0000000000000086       0x34 ./Core/Src/MPU_6050_Driver.o
 .ARM.attributes
                0x00000000000000ba       0x34 ./Core/Src/MotorControl.o
 .ARM.attributes
                0x00000000000000ee       0x34 ./Core/Src/freertos.o
 .ARM.attributes
                0x0000000000000122       0x34 ./Core/Src/gpio.o
 .ARM.attributes
                0x0000000000000156       0x34 ./Core/Src/i2c.o
 .ARM.attributes
                0x000000000000018a       0x34 ./Core/Src/main.o
 .ARM.attributes
                0x00000000000001be       0x34 ./Core/Src/stm32f4xx_hal_msp.o
 .ARM.attributes
                0x00000000000001f2       0x34 ./Core/Src/stm32f4xx_it.o
 .ARM.attributes
                0x0000000000000226       0x34 ./Core/Src/syscalls.o
 .ARM.attributes
                0x000000000000025a       0x34 ./Core/Src/sysmem.o
 .ARM.attributes
                0x000000000000028e       0x34 ./Core/Src/system_stm32f4xx.o
 .ARM.attributes
                0x00000000000002c2       0x34 ./Core/Src/tim.o
 .ARM.attributes
                0x00000000000002f6       0x34 ./Core/Src/usart.o
 .ARM.attributes
                0x000000000000032a       0x21 ./Core/Startup/startup_stm32f411ceux.o
 .ARM.attributes
                0x000000000000034b       0x34 ./Drivers/STM32F4xx_HAL_Driver/Src/stm32f4xx_hal.o
 .ARM.attributes
                0x000000000000037f       0x34 ./Drivers/STM32F4xx_HAL_Driver/Src/stm32f4xx_hal_cortex.o
 .ARM.attributes
                0x00000000000003b3       0x34 ./Drivers/STM32F4xx_HAL_Driver/Src/stm32f4xx_hal_dma.o
 .ARM.attributes
                0x00000000000003e7       0x34 ./Drivers/STM32F4xx_HAL_Driver/Src/stm32f4xx_hal_gpio.o
 .ARM.attributes
                0x000000000000041b       0x34 ./Drivers/STM32F4xx_HAL_Driver/Src/stm32f4xx_hal_i2c.o
 .ARM.attributes
                0x000000000000044f       0x34 ./Drivers/STM32F4xx_HAL_Driver/Src/stm32f4xx_hal_rcc.o
 .ARM.attributes
                0x0000000000000483       0x34 ./Drivers/STM32F4xx_HAL_Driver/Src/stm32f4xx_hal_tim.o
 .ARM.attributes
                0x00000000000004b7       0x34 ./Drivers/STM32F4xx_HAL_Driver/Src/stm32f4xx_hal_tim_ex.o
 .ARM.attributes
                0x00000000000004eb       0x34 ./Drivers/STM32F4xx_HAL_Driver/Src/stm32f4xx_hal_uart.o
 .ARM.attributes
                0x000000000000051f       0x34 ./Middlewares/Third_Party/FreeRTOS/Source/CMSIS_RTOS_V2/cmsis_os2.o
 .ARM.attributes
                0x0000000000000553       0x34 ./Middlewares/Third_Party/FreeRTOS/Source/list.o
 .ARM.attributes
                0x0000000000000587       0x34 ./Middlewares/Third_Party/FreeRTOS/Source/queue.o
 .ARM.attributes
                0x00000000000005bb       0x34 ./Middlewares/Third_Party/FreeRTOS/Source/tasks.o
 .ARM.attributes
                0x00000000000005ef       0x34 ./Middlewares/Third_Party/FreeRTOS/Source/timers.o
 .ARM.attributes
                0x0000000000000623       0x34 ./Middlewares/Third_Party/FreeRTOS/Source/portable/GCC/ARM_CM4F/port.o
 .ARM.attributes
                0x0000000000000657       0x34 ./Middlewares/Third_Party/FreeRTOS/Source/portable/MemMang/heap_4.o
 .ARM.attributes
                0x000000000000068b       0x34 c:/st/stm32cubeide_1.10.1/stm32cubeide/plugins/com.st.stm32cube.ide.mcu.externaltools.gnu-tools-for-stm32.10.3-2021.10.win32_1.0.0.202111181127/tools/bin/../lib/gcc/arm-none-eabi/10.3.1/../../../../arm-none-eabi/lib/thumb/v7e-m+fp/hard\libstdc++_nano.a(del_ops.o)
 .ARM.attributes
                0x00000000000006bf       0x34 c:/st/stm32cubeide_1.10.1/stm32cubeide/plugins/com.st.stm32cube.ide.mcu.externaltools.gnu-tools-for-stm32.10.3-2021.10.win32_1.0.0.202111181127/tools/bin/../lib/gcc/arm-none-eabi/10.3.1/../../../../arm-none-eabi/lib/thumb/v7e-m+fp/hard\libstdc++_nano.a(new_op.o)
 .ARM.attributes
                0x00000000000006f3       0x34 c:/st/stm32cubeide_1.10.1/stm32cubeide/plugins/com.st.stm32cube.ide.mcu.externaltools.gnu-tools-for-stm32.10.3-2021.10.win32_1.0.0.202111181127/tools/bin/../lib/gcc/arm-none-eabi/10.3.1/../../../../arm-none-eabi/lib/thumb/v7e-m+fp/hard\libstdc++_nano.a(del_op.o)
 .ARM.attributes
                0x0000000000000727       0x34 c:/st/stm32cubeide_1.10.1/stm32cubeide/plugins/com.st.stm32cube.ide.mcu.externaltools.gnu-tools-for-stm32.10.3-2021.10.win32_1.0.0.202111181127/tools/bin/../lib/gcc/arm-none-eabi/10.3.1/../../../../arm-none-eabi/lib/thumb/v7e-m+fp/hard\libstdc++_nano.a(new_handler.o)
 .ARM.attributes
                0x000000000000075b       0x34 c:/st/stm32cubeide_1.10.1/stm32cubeide/plugins/com.st.stm32cube.ide.mcu.externaltools.gnu-tools-for-stm32.10.3-2021.10.win32_1.0.0.202111181127/tools/bin/../lib/gcc/arm-none-eabi/10.3.1/../../../../arm-none-eabi/lib/thumb/v7e-m+fp/hard\libc_nano.a(lib_a-abort.o)
 .ARM.attributes
                0x000000000000078f       0x34 c:/st/stm32cubeide_1.10.1/stm32cubeide/plugins/com.st.stm32cube.ide.mcu.externaltools.gnu-tools-for-stm32.10.3-2021.10.win32_1.0.0.202111181127/tools/bin/../lib/gcc/arm-none-eabi/10.3.1/../../../../arm-none-eabi/lib/thumb/v7e-m+fp/hard\libc_nano.a(lib_a-errno.o)
 .ARM.attributes