../Core/Inc/Controller.hpp:28:12:constexpr Controller::Command::Command()	16	static
../Core/Src/Controller.cpp:3:1:Controller::Controller(UART_HandleTypeDef*, Chasis*, MPU_6050*, MPU_6050*)	24	static
../Core/Src/Controller.cpp:8:6:void Controller::startUpState()	16	static
../Core/Src/Controller.cpp:17:6:void Controller::calibrationState()	16	static
../Core/Src/Controller.cpp:29:6:void Controller::operatingState()	16	static
../Core/Src/Controller.cpp:42:6:void Controller::idleState()	16	static
../Core/Src/Controller.cpp:60:6:void Controller::failState()	16	static
../Core/Src/Controller.cpp:67:6:void Controller::shutdownState()	16	static
../Core/Src/Controller.cpp:77:6:void Controller::loop()	16	static
../Core/Src/Controller.cpp:120:6:void Controller::receiveCommands()	24	static
../Core/Src/Controller.cpp:126:6:void Controller::parseReceived()	16	static
../Core/Src/Controller.cpp:139:6:void Controller::prepTransmit()	32	static
../Core/Src/Controller.cpp:196:6:void Controller::trasnmitCommands()	16	static
