c:\st\stm32cubeide_1.10.1\stm32cubeide\plugins\com.st.stm32cube.ide.mcu.externaltools.gnu-tools-for-stm32.10.3-2021.10.win32_1.0.0.202111181127\tools\arm-none-eabi\include\c++\10.3.1\bits\std_abs.h:75:3:constexpr float std::abs(float)	16	static
../Core/Src/MPU_6050_Driver.cpp:3:1:MPU_6050::MPU_6050(bool, I2C_HandleTypeDef*, GPIO_TypeDef*, uint16_t)	24	static
../Core/Src/MPU_6050_Driver.cpp:19:1:MPU_6050::~MPU_6050()	16	static
../Core/Src/MPU_6050_Driver.cpp:24:6:void MPU_6050::calibrateMPU()	48	static
../Core/Src/MPU_6050_Driver.cpp:55:6:void MPU_6050::correctData()	24	static
../Core/Src/MPU_6050_Driver.cpp:66:6:void MPU_6050::startPins()	16	static
../Core/Src/MPU_6050_Driver.cpp:78:6:bool MPU_6050::initialize()	16	static
c:\st\stm32cubeide_1.10.1\stm32cubeide\plugins\com.st.stm32cube.ide.mcu.externaltools.gnu-tools-for-stm32.10.3-2021.10.win32_1.0.0.202111181127\tools\arm-none-eabi\include\c++\10.3.1\cmath:415:5:constexpr typename __gnu_cxx::__promote_2<_Tp, _Up>::__type std::pow(_Tp, _Up) [with _Tp = double; _Up = int]	24	static
../Core/Src/MPU_6050_Driver.cpp:94:8:double factoryTrimGyro(uint8_t)	16	static
c:\st\stm32cubeide_1.10.1\stm32cubeide\plugins\com.st.stm32cube.ide.mcu.externaltools.gnu-tools-for-stm32.10.3-2021.10.win32_1.0.0.202111181127\tools\arm-none-eabi\include\c++\10.3.1\cmath:415:5:constexpr typename __gnu_cxx::__promote_2<_Tp, _Up>::__type std::pow(_Tp, _Up) [with _Tp = int; _Up = int]	24	static
../Core/Src/MPU_6050_Driver.cpp:99:8:double factoryTrimAccel(uint8_t)	24	static
../Core/Src/MPU_6050_Driver.cpp:104:6:bool MPU_6050::selfTest()	160	static
../Core/Src/MPU_6050_Driver.cpp:205:6:void MPU_6050::setSampleRate(uint16_t)	40	static
../Core/Src/MPU_6050_Driver.cpp:212:6:void MPU_6050::setFullScaleGyro(Gyro_FullScale)	40	static
../Core/Src/MPU_6050_Driver.cpp:235:6:void MPU_6050::setFullScaleAccel(Accel_FullScale)	40	static
../Core/Src/MPU_6050_Driver.cpp:259:6:void MPU_6050::readAccelRegisters()	48	static
../Core/Src/MPU_6050_Driver.cpp:276:6:void MPU_6050::readGyroRegisters()	48	static
../Core/Src/MPU_6050_Driver.cpp:293:6:void MPU_6050::readTempRegisters()	40	static
../Core/Src/MPU_6050_Driver.cpp:307:6:void MPU_6050::updateData()	16	static
../Core/Src/MPU_6050_Driver.cpp:315:6:void MPU_6050::resetRegisters()	40	static
../Core/Src/MPU_6050_Driver.cpp:322:6:void MPU_6050::sleepMode(bool)	40	static
../Core/Src/MPU_6050_Driver.cpp:334:6:void MPU_6050::selectClockSource(Clock_Select)	40	static
../Core/Src/MPU_6050_Driver.cpp:346:6:void MPU_6050::disableTemp(bool)	40	static
../Core/Src/MPU_6050_Driver.cpp:358:6:void MPU_6050::sleepCycle(Wake_Up_Frequency)	40	static
../Core/Src/MPU_6050_Driver.cpp:365:11:IMU_Data* MPU_6050::generateNewResult()	16	static
