../Core/Src/imu.c:17:7:IMU_Init	120	static
../Core/Src/imu.c:47:6:IMU_selfTest	160	static
../Core/Src/imu.c:144:6:IMU_setSampleRate	40	static
../Core/Src/imu.c:151:6:IMU_setFullScaleGyro	40	static
../Core/Src/imu.c:174:6:IMU_setFullScaleAccel	40	static
../Core/Src/imu.c:197:6:IMU_readAccelRegisters	48	static
../Core/Src/imu.c:214:6:IMU_readGyroRegisters	48	static
../Core/Src/imu.c:231:6:IMU_readTempRegisters	40	static
../Core/Src/imu.c:245:6:IMU_updateData	16	static
../Core/Src/imu.c:253:6:IMU_resetRegisters	40	static
../Core/Src/imu.c:260:6:IMU_sleepMode	40	static
../Core/Src/imu.c:271:6:IMU_selectClockSource	40	static
../Core/Src/imu.c:283:6:IMU_disableTemp	40	static
../Core/Src/imu.c:295:6:IMU_sleepCycle	40	static
../Core/Src/imu.c:302:13:calibrate_imu	48	static
../Core/Src/imu.c:332:13:correct_data	16	static
../Core/Src/imu.c:343:13:startPins	16	static
../Core/Src/imu.c:363:13:initialize	16	static
../Core/Src/imu.c:381:15:factoryTrimGyro	16	static
../Core/Src/imu.c:386:15:factoryTrimAccel	16	static
